Component: ARM Compiler 5.06 update 5 (build 528) Tool: armlink [4d35e2]

==============================================================================

Section Cross References

    main.o(.text) refers to _printf_percent.o(.ARM.Collect$$_printf_percent$$00000000) for _printf_percent
    main.o(.text) refers to _printf_d.o(.ARM.Collect$$_printf_percent$$00000009) for _printf_d
    main.o(.text) refers to _printf_dec.o(.text) for _printf_int_dec
    main.o(.text) refers to _printf_f.o(.ARM.Collect$$_printf_percent$$00000003) for _printf_f
    main.o(.text) refers to printf1.o(x$fpl$printf1) for _printf_fp_dec
    main.o(.text) refers to stm32f10x_rcc.o(.text) for RCC_APB1PeriphClockCmd
    main.o(.text) refers to stm32f10x_gpio.o(.text) for GPIO_Init
    main.o(.text) refers to stm32f10x_tim.o(.text) for TIM_TimeBaseInit
    main.o(.text) refers to misc.o(.text) for NVIC_PriorityGroupConfig
    main.o(.text) refers to delay.o(.text) for delay_us
    main.o(.text) refers to dflt_clz.o(x$fpl$dfltu) for __aeabi_ui2d
    main.o(.text) refers to ddiv.o(x$fpl$ddiv) for __aeabi_ddiv
    main.o(.text) refers to dfixu.o(x$fpl$dfixu) for __aeabi_d2uiz
    main.o(.text) refers to sys.o(.text) for NVIC_Config
    main.o(.text) refers to usart.o(.text) for uart1_init
    main.o(.text) refers to usart3.o(.text) for uart3_init
    main.o(.text) refers to oled.o(.text) for OLED_Init
    main.o(.text) refers to mpu6050.o(.text) for MPU_Init
    main.o(.text) refers to inv_mpu.o(.text) for mpu_dmp_init
    main.o(.text) refers to exti.o(.text) for MPU6050_EXTI_Init
    main.o(.text) refers to encoder.o(.text) for Encoder_TIM2_Init
    main.o(.text) refers to motor.o(.text) for Motor_Init
    main.o(.text) refers to pwm.o(.text) for PWM_Init_TIM1
    main.o(.text) refers to noretval__2sprintf.o(.text) for __2sprintf
    main.o(.text) refers to f2d.o(x$fpl$f2d) for __aeabi_f2d
    main.o(.text) refers to main.o(.data) for overcount
    main.o(.text) refers to main.o(.bss) for display_buf
    system_stm32f10x.o(.text) refers to system_stm32f10x.o(.data) for SystemCoreClock
    delay.o(.text) refers to misc.o(.text) for SysTick_CLKSourceConfig
    delay.o(.text) refers to system_stm32f10x.o(.data) for SystemCoreClock
    delay.o(.text) refers to delay.o(.data) for fac_us
    sys.o(.text) refers to misc.o(.text) for NVIC_PriorityGroupConfig
    usart.o(.rev16_text) refers (Special) to use_no_semi_2.o(.text) for __use_no_semihosting
    usart.o(.revsh_text) refers (Special) to use_no_semi_2.o(.text) for __use_no_semihosting
    usart.o(.rrx_text) refers (Special) to use_no_semi_2.o(.text) for __use_no_semihosting
    usart.o(.text) refers (Special) to use_no_semi_2.o(.text) for __use_no_semihosting
    usart.o(.text) refers to stm32f10x_rcc.o(.text) for RCC_APB2PeriphClockCmd
    usart.o(.text) refers to stm32f10x_gpio.o(.text) for GPIO_Init
    usart.o(.text) refers to stm32f10x_usart.o(.text) for USART_Init
    usart.o(.text) refers to usart.o(.data) for USART_RX_STA
    usart.o(.text) refers to usart.o(.bss) for USART_RX_BUF
    usart.o(.bss) refers (Special) to use_no_semi_2.o(.text) for __use_no_semihosting
    usart.o(.data) refers (Special) to use_no_semi_2.o(.text) for __use_no_semihosting
    mpuiic.o(.text) refers to delay.o(.text) for delay_us
    mpuiic.o(.text) refers to stm32f10x_rcc.o(.text) for RCC_APB2PeriphClockCmd
    mpuiic.o(.text) refers to stm32f10x_gpio.o(.text) for GPIO_Init
    mpu6050.o(.text) refers to mpuiic.o(.text) for MPU_IIC_Start
    mpu6050.o(.text) refers to delay.o(.text) for delay_ms
    mpu6050.o(.text) refers to dflt_clz.o(x$fpl$dflt) for __aeabi_i2d
    mpu6050.o(.text) refers to ddiv.o(x$fpl$ddiv) for __aeabi_ddiv
    mpu6050.o(.text) refers to daddsub_clz.o(x$fpl$dadd) for __aeabi_dadd
    mpu6050.o(.text) refers to d2f.o(x$fpl$d2f) for __aeabi_d2f
    mpu6050.o(.text) refers to fmul.o(x$fpl$fmul) for __aeabi_fmul
    mpu6050.o(.text) refers to ffix.o(x$fpl$ffix) for __aeabi_f2iz
    inv_mpu.o(.text) refers to _printf_pad.o(.text) for _printf_pre_padding
    inv_mpu.o(.text) refers to _printf_percent.o(.ARM.Collect$$_printf_percent$$00000000) for _printf_percent
    inv_mpu.o(.text) refers to _printf_x.o(.ARM.Collect$$_printf_percent$$0000000C) for _printf_x
    inv_mpu.o(.text) refers to _printf_hex_int.o(.text) for _printf_longlong_hex
    inv_mpu.o(.text) refers to _printf_d.o(.ARM.Collect$$_printf_percent$$00000009) for _printf_d
    inv_mpu.o(.text) refers to _printf_dec.o(.text) for _printf_int_dec
    inv_mpu.o(.text) refers to mpu6050.o(.text) for MPU_Write_Len
    inv_mpu.o(.text) refers to noretval__2printf.o(.text) for __2printf
    inv_mpu.o(.text) refers to delay.o(.text) for delay_ms
    inv_mpu.o(.text) refers to inv_mpu.o(.data) for st
    inv_mpu.o(.text) refers to fflt_clz.o(x$fpl$ffltu) for __aeabi_ui2f
    inv_mpu.o(.text) refers to fflt_clz.o(x$fpl$fflt) for __aeabi_i2f
[...]
    __rt_lib_init_lc_time_1                  0x080001c9   Thumb Code     0  libinit2.o(.ARM.Collect$$libinit$$00000019)
    __rt_lib_init_return                     0x080001c9   Thumb Code     0  libinit2.o(.ARM.Collect$$libinit$$00000033)
    __rt_lib_init_signal_1                   0x080001c9   Thumb Code     0  libinit2.o(.ARM.Collect$$libinit$$0000001D)
    __rt_lib_init_stdio_1                    0x080001c9   Thumb Code     0  libinit2.o(.ARM.Collect$$libinit$$00000025)
    __rt_lib_shutdown                        0x080001cb   Thumb Code     0  libshutdown.o(.ARM.Collect$$libshutdown$$00000000)
    __rt_lib_shutdown_cpp_1                  0x080001cd   Thumb Code     0  libshutdown2.o(.ARM.Collect$$libshutdown$$00000002)
    __rt_lib_shutdown_fp_trap_1              0x080001cd   Thumb Code     0  libshutdown2.o(.ARM.Collect$$libshutdown$$00000007)
    __rt_lib_shutdown_heap_1                 0x080001cd   Thumb Code     0  libshutdown2.o(.ARM.Collect$$libshutdown$$0000000F)
    __rt_lib_shutdown_return                 0x080001cd   Thumb Code     0  libshutdown2.o(.ARM.Collect$$libshutdown$$00000010)
    __rt_lib_shutdown_signal_1               0x080001cd   Thumb Code     0  libshutdown2.o(.ARM.Collect$$libshutdown$$0000000A)
    __rt_lib_shutdown_stdio_1                0x080001cd   Thumb Code     0  libshutdown2.o(.ARM.Collect$$libshutdown$$00000004)
    __rt_lib_shutdown_user_alloc_1           0x080001cd   Thumb Code     0  libshutdown2.o(.ARM.Collect$$libshutdown$$0000000C)
    __rt_entry                               0x080001cf   Thumb Code     0  __rtentry.o(.ARM.Collect$$rtentry$$00000000)
    __rt_entry_presh_1                       0x080001cf   Thumb Code     0  __rtentry2.o(.ARM.Collect$$rtentry$$00000002)
    __rt_entry_sh                            0x080001cf   Thumb Code     0  __rtentry4.o(.ARM.Collect$$rtentry$$00000004)
    __rt_entry_li                            0x080001d5   Thumb Code     0  __rtentry2.o(.ARM.Collect$$rtentry$$0000000A)
    __rt_entry_postsh_1                      0x080001d5   Thumb Code     0  __rtentry2.o(.ARM.Collect$$rtentry$$00000009)
    __rt_entry_main                          0x080001d9   Thumb Code     0  __rtentry2.o(.ARM.Collect$$rtentry$$0000000D)
    __rt_entry_postli_1                      0x080001d9   Thumb Code     0  __rtentry2.o(.ARM.Collect$$rtentry$$0000000C)
    __rt_exit                                0x080001e1   Thumb Code     0  rtexit.o(.ARM.Collect$$rtexit$$00000000)
    __rt_exit_ls                             0x080001e3   Thumb Code     0  rtexit2.o(.ARM.Collect$$rtexit$$00000003)
    __rt_exit_prels_1                        0x080001e3   Thumb Code     0  rtexit2.o(.ARM.Collect$$rtexit$$00000002)
    __rt_exit_exit                           0x080001e7   Thumb Code     0  rtexit2.o(.ARM.Collect$$rtexit$$00000004)
    TIM3_Int_Init                            0x080001ed   Thumb Code   158  main.o(.text)
    Senor_Using                              0x0800028b   Thumb Code   198  main.o(.text)
    main                                     0x08000351   Thumb Code   188  main.o(.text)
    TIM3_IRQHandler                          0x0800040d   Thumb Code    32  main.o(.text)
    NMI_Handler                              0x08000499   Thumb Code     2  stm32f10x_it.o(.text)
    HardFault_Handler                        0x0800049b   Thumb Code     4  stm32f10x_it.o(.text)
    MemManage_Handler                        0x0800049f   Thumb Code     4  stm32f10x_it.o(.text)
    BusFault_Handler                         0x080004a3   Thumb Code     4  stm32f10x_it.o(.text)
    UsageFault_Handler                       0x080004a7   Thumb Code     4  stm32f10x_it.o(.text)
    SVC_Handler                              0x080004ab   Thumb Code     2  stm32f10x_it.o(.text)
    DebugMon_Handler                         0x080004ad   Thumb Code     2  stm32f10x_it.o(.text)
    PendSV_Handler                           0x080004af   Thumb Code     2  stm32f10x_it.o(.text)
    SysTick_Handler                          0x080004b1   Thumb Code     2  stm32f10x_it.o(.text)
    SystemInit                               0x08000593   Thumb Code    78  system_stm32f10x.o(.text)
    SystemCoreClockUpdate                    0x080005e1   Thumb Code   142  system_stm32f10x.o(.text)
    delay_init                               0x08000695   Thumb Code    50  delay.o(.text)
    delay_us                                 0x080006c7   Thumb Code    72  delay.o(.text)
    delay_ms                                 0x0800070f   Thumb Code    72  delay.o(.text)
    NVIC_Config                              0x08000769   Thumb Code    96  sys.o(.text)
    _sys_exit                                0x080007c9   Thumb Code     6  usart.o(.text)
    fputc                                    0x080007cf   Thumb Code    24  usart.o(.text)
    uart1_init                               0x080007e7   Thumb Code   124  usart.o(.text)
    USART1_IRQHandler                        0x08000863   Thumb Code   122  usart.o(.text)
    MPU_IIC_Delay                            0x080008ed   Thumb Code    10  mpuiic.o(.text)
    MPU_IIC_Init                             0x080008f7   Thumb Code    38  mpuiic.o(.text)
    MPU_IIC_Start                            0x0800091d   Thumb Code    60  mpuiic.o(.text)
    MPU_IIC_Stop                             0x08000959   Thumb Code    62  mpuiic.o(.text)
    MPU_IIC_Wait_Ack                         0x08000997   Thumb Code    86  mpuiic.o(.text)
    MPU_IIC_Ack                              0x080009ed   Thumb Code    66  mpuiic.o(.text)
    MPU_IIC_NAck                             0x08000a2f   Thumb Code    66  mpuiic.o(.text)
    MPU_IIC_Send_Byte                        0x08000a71   Thumb Code    82  mpuiic.o(.text)
    MPU_IIC_Read_Byte                        0x08000ac3   Thumb Code    96  mpuiic.o(.text)
    MPU_Write_Byte                           0x08000b31   Thumb Code    68  mpu6050.o(.text)
    MPU_Set_LPF                              0x08000b75   Thumb Code    58  mpu6050.o(.text)
    MPU_Set_Rate                             0x08000baf   Thumb Code    58  mpu6050.o(.text)
    MPU_Read_Byte                            0x08000be9   Thumb Code    58  mpu6050.o(.text)
    MPU_Set_Accel_Fsr                        0x08000c23   Thumb Code    16  mpu6050.o(.text)
    MPU_Set_Gyro_Fsr                         0x08000c33   Thumb Code    16  mpu6050.o(.text)
    MPU_Init                                 0x08000c43   Thumb Code   122  mpu6050.o(.text)
    MPU_Read_Len                             0x08000cbd   Thumb Code   116  mpu6050.o(.text)
    MPU_Get_Temperature                      0x08000d31   Thumb Code    86  mpu6050.o(.text)
    MPU_Get_Gyroscope                        0x08000d87   Thumb Code    80  mpu6050.o(.text)
    MPU_Get_Accelerometer                    0x08000dd7   Thumb Code    80  mpu6050.o(.text)
    MPU_Write_Len                            0x08000e27   Thumb Code    96  mpu6050.o(.text)
    mpu_reg_dump                             0x08000f23   Thumb Code    84  inv_mpu.o(.text)
    mpu_read_reg                             0x08000f77   Thumb Code    66  inv_mpu.o(.text)
    mpu_set_int_latched                      0x08000fb9   Thumb Code   102  inv_mpu.o(.text)
    mpu_set_sensors                          0x0800101f   Thumb Code   202  inv_mpu.o(.text)
    mpu_set_bypass                           0x080010e9   Thumb Code   328  inv_mpu.o(.text)
    mpu_reset_fifo                           0x08001231   Thumb Code   472  inv_mpu.o(.text)
    mpu_configure_fifo                       0x08001409   Thumb Code   106  inv_mpu.o(.text)
    mpu_set_lpf                              0x08001473   Thumb Code   126  inv_mpu.o(.text)
    mpu_lp_accel_mode                        0x080014f1   Thumb Code   218  inv_mpu.o(.text)
    mpu_set_sample_rate                      0x080015cb   Thumb Code   152  inv_mpu.o(.text)
    mpu_set_accel_fsr                        0x08001663   Thumb Code   132  inv_mpu.o(.text)
    mpu_set_gyro_fsr                         0x080016e7   Thumb Code   132  inv_mpu.o(.text)
    mpu_init                                 0x0800176b   Thumb Code   416  inv_mpu.o(.text)
    mget_ms                                  0x0800190b   Thumb Code     2  inv_mpu.o(.text)
    mpu_get_gyro_reg                         0x0800190d   Thumb Code   110  inv_mpu.o(.text)
    mpu_get_accel_reg                        0x0800197b   Thumb Code   110  inv_mpu.o(.text)
    mpu_get_temperature                      0x080019e9   Thumb Code   150  inv_mpu.o(.text)
    mpu_set_accel_bias                       0x08001a7f   Thumb Code   468  inv_mpu.o(.text)
    mpu_get_gyro_fsr                         0x08001c53   Thumb Code    64  inv_mpu.o(.text)
    mpu_get_accel_fsr                        0x08001c93   Thumb Code    72  inv_mpu.o(.text)
    mpu_get_lpf                              0x08001cdb   Thumb Code    74  inv_mpu.o(.text)
    mpu_get_sample_rate                      0x08001d25   Thumb Code    26  inv_mpu.o(.text)
    mpu_get_compass_sample_rate              0x08001d3f   Thumb Code    10  inv_mpu.o(.text)
    mpu_set_compass_sample_rate              0x08001d49   Thumb Code     8  inv_mpu.o(.text)
    mpu_get_gyro_sens                        0x08001d51   Thumb Code    58  inv_mpu.o(.text)
    mpu_get_accel_sens                       0x08001d8b   Thumb Code    78  inv_mpu.o(.text)
    mpu_get_fifo_config                      0x08001dd9   Thumb Code    12  inv_mpu.o(.text)
    mpu_get_power_state                      0x08001de5   Thumb Code    22  inv_mpu.o(.text)
    mpu_get_int_status                       0x08001dfb   Thumb Code    64  inv_mpu.o(.text)
    mpu_read_fifo                            0x08001e3b   Thumb Code   520  inv_mpu.o(.text)
    mpu_read_fifo_stream                     0x08002043   Thumb Code   186  inv_mpu.o(.text)
    mpu_set_int_level                        0x080020fd   Thumb Code    12  inv_mpu.o(.text)
    mpu_set_dmp_state                        0x080027dd   Thumb Code   138  inv_mpu.o(.text)
    mpu_run_self_test                        0x08002867   Thumb Code   278  inv_mpu.o(.text)
    mpu_write_mem                            0x0800297d   Thumb Code   122  inv_mpu.o(.text)
    mpu_read_mem                             0x080029f7   Thumb Code   122  inv_mpu.o(.text)
    mpu_load_firmware                        0x08002a71   Thumb Code   190  inv_mpu.o(.text)
    mpu_get_dmp_state                        0x08002b2f   Thumb Code    14  inv_mpu.o(.text)
    setup_compass                            0x08002b3d   Thumb Code     6  inv_mpu.o(.text)
    mpu_get_compass_reg                      0x08002b43   Thumb Code     8  inv_mpu.o(.text)
    mpu_get_compass_fsr                      0x08002b4b   Thumb Code     8  inv_mpu.o(.text)
    mpu_lp_motion_interrupt                  0x08002b53   Thumb Code   512  inv_mpu.o(.text)
    run_self_test                            0x08002d53   Thumb Code   148  inv_mpu.o(.text)
    inv_row_2_scale                          0x08002de7   Thumb Code    78  inv_mpu.o(.text)
    inv_orientation_matrix_to_scalar         0x08002e35   Thumb Code    40  inv_mpu.o(.text)
    mpu_dmp_init                             0x08002e5d   Thumb Code   148  inv_mpu.o(.text)
    mpu_dmp_get_data                         0x08002ef1   Thumb Code   554  inv_mpu.o(.text)
    dmp_load_motion_driver_firmware          0x08003121   Thumb Code    20  inv_mpu_dmp_motion_driver.o(.text)
    dmp_set_orientation                      0x08003135   Thumb Code   290  inv_mpu_dmp_motion_driver.o(.text)
    dmp_set_gyro_bias                        0x08003257   Thumb Code   294  inv_mpu_dmp_motion_driver.o(.text)
    dmp_set_accel_bias                       0x0800337d   Thumb Code   300  inv_mpu_dmp_motion_driver.o(.text)
    dmp_set_fifo_rate                        0x080034a9   Thumb Code   136  inv_mpu_dmp_motion_driver.o(.text)
    dmp_get_fifo_rate                        0x08003531   Thumb Code    12  inv_mpu_dmp_motion_driver.o(.text)
    dmp_set_tap_thresh                       0x0800353d   Thumb Code   396  inv_mpu_dmp_motion_driver.o(.text)
    dmp_set_tap_axes                         0x080036c9   Thumb Code    70  inv_mpu_dmp_motion_driver.o(.text)
    dmp_set_tap_count                        0x0800370f   Thumb Code    38  inv_mpu_dmp_motion_driver.o(.text)
    dmp_set_tap_time                         0x08003735   Thumb Code    38  inv_mpu_dmp_motion_driver.o(.text)
    dmp_set_tap_time_multi                   0x0800375b   Thumb Code    38  inv_mpu_dmp_motion_driver.o(.text)
    dmp_set_shake_reject_thresh              0x08003781   Thumb Code    56  inv_mpu_dmp_motion_driver.o(.text)
    dmp_set_shake_reject_time                0x080037b9   Thumb Code    38  inv_mpu_dmp_motion_driver.o(.text)
    dmp_set_shake_reject_timeout             0x080037df   Thumb Code    38  inv_mpu_dmp_motion_driver.o(.text)
    dmp_get_pedometer_step_count             0x08003805   Thumb Code    66  inv_mpu_dmp_motion_driver.o(.text)
    dmp_set_pedometer_step_count             0x08003847   Thumb Code    42  inv_mpu_dmp_motion_driver.o(.text)
    dmp_get_pedometer_walk_time              0x08003871   Thumb Code    72  inv_mpu_dmp_motion_driver.o(.text)
    dmp_set_pedometer_walk_time              0x080038b9   Thumb Code    48  inv_mpu_dmp_motion_driver.o(.text)
    dmp_enable_6x_lp_quat                    0x080038e9   Thumb Code    84  inv_mpu_dmp_motion_driver.o(.text)
    dmp_enable_lp_quat                       0x0800393d   Thumb Code    60  inv_mpu_dmp_motion_driver.o(.text)
    dmp_enable_gyro_cal                      0x08003979   Thumb Code    62  inv_mpu_dmp_motion_driver.o(.text)
    dmp_enable_feature                       0x080039b7   Thumb Code   530  inv_mpu_dmp_motion_driver.o(.text)
    dmp_get_enabled_features                 0x08003bc9   Thumb Code    12  inv_mpu_dmp_motion_driver.o(.text)
    dmp_set_interrupt_mode                   0x08003c33   Thumb Code    66  inv_mpu_dmp_motion_driver.o(.text)
    dmp_read_fifo                            0x08003c75   Thumb Code   514  inv_mpu_dmp_motion_driver.o(.text)
    dmp_register_tap_cb                      0x08003e77   Thumb Code    10  inv_mpu_dmp_motion_driver.o(.text)
    dmp_register_android_orient_cb           0x08003e81   Thumb Code    10  inv_mpu_dmp_motion_driver.o(.text)
    OLED_IIC_Start                           0x08003e91   Thumb Code    44  oled.o(.text)
    OLED_IIC_Stop                            0x08003ebd   Thumb Code    34  oled.o(.text)
    OLED_IIC_Wait_Ack                        0x08003edf   Thumb Code    24  oled.o(.text)
    OLED_Write_IIC_Byte                      0x08003ef7   Thumb Code    88  oled.o(.text)
    OLED_Write_IIC_Command                   0x08003f4f   Thumb Code    44  oled.o(.text)
    OLED_Write_IIC_Data                      0x08003f7b   Thumb Code    44  oled.o(.text)
    OLED_WR_Byte                             0x08003fa7   Thumb Code    24  oled.o(.text)
    fill_picture                             0x08003fbf   Thumb Code    64  oled.o(.text)
    Delay_50ms                               0x08003fff   Thumb Code    22  oled.o(.text)
    Delay_1ms                                0x08004015   Thumb Code    26  oled.o(.text)
    OLED_Set_Pos                             0x0800402f   Thumb Code    40  oled.o(.text)
    OLED_Display_On                          0x08004057   Thumb Code    28  oled.o(.text)
    OLED_Display_Off                         0x08004073   Thumb Code    28  oled.o(.text)
    OLED_Clear                               0x0800408f   Thumb Code    62  oled.o(.text)
    OLED_On                                  0x080040cd   Thumb Code    62  oled.o(.text)
    OLED_ShowChar                            0x0800410b   Thumb Code   154  oled.o(.text)
    oled_pow                                 0x080041a5   Thumb Code    22  oled.o(.text)
    OLED_ShowNumber                          0x080041bb   Thumb Code   136  oled.o(.text)
    OLED_ShowString                          0x08004243   Thumb Code    66  oled.o(.text)
    OLED_ShowCHinese                         0x08004285   Thumb Code    98  oled.o(.text)
    OLED_DrawBMP                             0x080042e7   Thumb Code   118  oled.o(.text)
    OLED_Float                               0x0800435d   Thumb Code   442  oled.o(.text)
    OLED_Float2                              0x08004517   Thumb Code   366  oled.o(.text)
    OLED_Num_write                           0x08004685   Thumb Code    62  oled.o(.text)
    OLED_fuhao_write                         0x080046c3   Thumb Code    58  oled.o(.text)
    OLED_Num2                                0x080046fd   Thumb Code   156  oled.o(.text)
    OLED_Num3                                0x08004799   Thumb Code   200  oled.o(.text)
    OLED_Num4                                0x08004861   Thumb Code   134  oled.o(.text)
    OLED_Num5                                0x080048e7   Thumb Code   152  oled.o(.text)
    OLED_Init                                0x0800497f   Thumb Code   294  oled.o(.text)
    Turn                                     0x08004aa5   Thumb Code    68  control.o(.text)
    Vertical                                 0x08004ae9   Thumb Code    74  control.o(.text)
    Velocity                                 0x08004b33   Thumb Code   228  control.o(.text)
    EXTI9_5_IRQHandler                       0x08004c17   Thumb Code   526  control.o(.text)
    Encoder_TIM2_Init                        0x08004ed9   Thumb Code   146  encoder.o(.text)
    Encoder_TIM4_Init                        0x08004f6b   Thumb Code   148  encoder.o(.text)
    Read_Speed                               0x08004fff   Thumb Code    64  encoder.o(.text)
    TIM2_IRQHandler                          0x0800503f   Thumb Code    22  encoder.o(.text)
    TIM4_IRQHandler                          0x08005055   Thumb Code    22  encoder.o(.text)
    MPU6050_EXTI_Init                        0x08005079   Thumb Code    74  exti.o(.text)
    Motor_Init                               0x080050c9   Thumb Code    40  motor.o(.text)
    Limit                                    0x080050f1   Thumb Code    66  motor.o(.text)
    GFP_abs                                  0x08005133   Thumb Code    16  motor.o(.text)
    Load                                     0x08005143   Thumb Code   112  motor.o(.text)
    Stop                                     0x080051b3   Thumb Code    52  motor.o(.text)
    PWM_Init_TIM1                            0x08005209   Thumb Code   162  pwm.o(.text)
    uart3_init                               0x080052b5   Thumb Code   130  usart3.o(.text)
    USART3_IRQHandler                        0x08005337   Thumb Code   174  usart3.o(.text)
    USART3_Send_Data                         0x080053e5   Thumb Code    28  usart3.o(.text)
    USART3_Send_String                       0x08005401   Thumb Code    34  usart3.o(.text)
    Reset_Handler                            0x0800543d   Thumb Code     8  startup_stm32f10x_md.o(.text)
    ADC1_2_IRQHandler                        0x08005457   Thumb Code     0  startup_stm32f10x_md.o(.text)
    CAN1_RX1_IRQHandler                      0x08005457   Thumb Code     0  startup_stm32f10x_md.o(.text)
    CAN1_SCE_IRQHandler                      0x08005457   Thumb Code     0  startup_stm32f10x_md.o(.text)
    DMA1_Channel1_IRQHandler                 0x08005457   Thumb Code     0  startup_stm32f10x_md.o(.text)
    DMA1_Channel2_IRQHandler                 0x08005457   Thumb Code     0  startup_stm32f10x_md.o(.text)
    DMA1_Channel3_IRQHandler                 0x08005457   Thumb Code     0  startup_stm32f10x_md.o(.text)
    DMA1_Channel4_IRQHandler                 0x08005457   Thumb Code     0  startup_stm32f10x_md.o(.text)
    DMA1_Channel5_IRQHandler                 0x08005457   Thumb Code     0  startup_stm32f10x_md.o(.text)
    DMA1_Channel6_IRQHandler                 0x08005457   Thumb Code     0  startup_stm32f10x_md.o(.text)
    DMA1_Channel7_IRQHandler                 0x08005457   Thumb Code     0  startup_stm32f10x_md.o(.text)
    EXTI0_IRQHandler                         0x08005457   Thumb Code     0  startup_stm32f10x_md.o(.text)
    EXTI15_10_IRQHandler                     0x08005457   Thumb Code     0  startup_stm32f10x_md.o(.text)
    EXTI1_IRQHandler                         0x08005457   Thumb Code     0  startup_stm32f10x_md.o(.text)
    EXTI2_IRQHandler                         0x08005457   Thumb Code     0  startup_stm32f10x_md.o(.text)
    EXTI3_IRQHandler                         0x08005457   Thumb Code     0  startup_stm32f10x_md.o(.text)
    EXTI4_IRQHandler                         0x08005457   Thumb Code     0  startup_stm32f10x_md.o(.text)
    FLASH_IRQHandler                         0x08005457   Thumb Code     0  startup_stm32f10x_md.o(.text)
    I2C1_ER_IRQHandler                       0x08005457   Thumb Code     0  startup_stm32f10x_md.o(.text)
    I2C1_EV_IRQHandler                       0x08005457   Thumb Code     0  startup_stm32f10x_md.o(.text)
    I2C2_ER_IRQHandler                       0x08005457   Thumb Code     0  startup_stm32f10x_md.o(.text)
    I2C2_EV_IRQHandler                       0x08005457   Thumb Code     0  startup_stm32f10x_md.o(.text)
    PVD_IRQHandler                           0x08005457   Thumb Code     0  startup_stm32f10x_md.o(.text)
    RCC_IRQHandler                           0x08005457   Thumb Code     0  startup_stm32f10x_md.o(.text)
    RTCAlarm_IRQHandler                      0x08005457   Thumb Code     0  startup_stm32f10x_md.o(.text)
    RTC_IRQHandler                           0x08005457   Thumb Code     0  startup_stm32f10x_md.o(.text)
    SPI1_IRQHandler                          0x08005457   Thumb Code     0  startup_stm32f10x_md.o(.text)
    SPI2_IRQHandler                          0x08005457   Thumb Code     0  startup_stm32f10x_md.o(.text)
    TAMPER_IRQHandler                        0x08005457   Thumb Code     0  startup_stm32f10x_md.o(.text)
    TIM1_BRK_IRQHandler                      0x08005457   Thumb Code     0  startup_stm32f10x_md.o(.text)
    TIM1_CC_IRQHandler                       0x08005457   Thumb Code     0  startup_stm32f10x_md.o(.text)
    TIM1_TRG_COM_IRQHandler                  0x08005457   Thumb Code     0  startup_stm32f10x_md.o(.text)
    TIM1_UP_IRQHandler                       0x08005457   Thumb Code     0  startup_stm32f10x_md.o(.text)
    USART2_IRQHandler                        0x08005457   Thumb Code     0  startup_stm32f10x_md.o(.text)
    USBWakeUp_IRQHandler                     0x08005457   Thumb Code     0  startup_stm32f10x_md.o(.text)
    USB_HP_CAN1_TX_IRQHandler                0x08005457   Thumb Code     0  startup_stm32f10x_md.o(.text)
    USB_LP_CAN1_RX0_IRQHandler               0x08005457   Thumb Code     0  startup_stm32f10x_md.o(.text)
    WWDG_IRQHandler                          0x08005457   Thumb Code     0  startup_stm32f10x_md.o(.text)
    __user_initial_stackheap                 0x08005459   Thumb Code     0  startup_stm32f10x_md.o(.text)
    NVIC_PriorityGroupConfig                 0x0800547d   Thumb Code    10  misc.o(.text)
    NVIC_Init                                0x08005487   Thumb Code   100  misc.o(.text)
    NVIC_SetVectorTable                      0x080054eb   Thumb Code    14  misc.o(.text)
    NVIC_SystemLPConfig                      0x080054f9   Thumb Code    34  misc.o(.text)
    SysTick_CLKSourceConfig                  0x0800551b   Thumb Code    40  misc.o(.text)
    EXTI_DeInit                              0x08005559   Thumb Code    28  stm32f10x_exti.o(.text)
    EXTI_Init                                0x08005575   Thumb Code   142  stm32f10x_exti.o(.text)
    EXTI_StructInit                          0x08005603   Thumb Code    16  stm32f10x_exti.o(.text)
    EXTI_GenerateSWInterrupt                 0x08005613   Thumb Code    16  stm32f10x_exti.o(.text)
    EXTI_GetFlagStatus                       0x08005623   Thumb Code    22  stm32f10x_exti.o(.text)
    EXTI_ClearFlag                           0x08005639   Thumb Code     8  stm32f10x_exti.o(.text)
    EXTI_GetITStatus                         0x08005641   Thumb Code    34  stm32f10x_exti.o(.text)
    EXTI_ClearITPendingBit                   0x08005663   Thumb Code     8  stm32f10x_exti.o(.text)
    GPIO_DeInit                              0x08005675   Thumb Code   172  stm32f10x_gpio.o(.text)
    GPIO_AFIODeInit                          0x08005721   Thumb Code    20  stm32f10x_gpio.o(.text)
    GPIO_Init                                0x08005735   Thumb Code   278  stm32f10x_gpio.o(.text)
    GPIO_StructInit                          0x0800584b   Thumb Code    16  stm32f10x_gpio.o(.text)
    GPIO_ReadInputDataBit                    0x0800585b   Thumb Code    18  stm32f10x_gpio.o(.text)
    GPIO_ReadInputData                       0x0800586d   Thumb Code     8  stm32f10x_gpio.o(.text)
    GPIO_ReadOutputDataBit                   0x08005875   Thumb Code    18  stm32f10x_gpio.o(.text)
    GPIO_ReadOutputData                      0x08005887   Thumb Code     8  stm32f10x_gpio.o(.text)
    GPIO_SetBits                             0x0800588f   Thumb Code     4  stm32f10x_gpio.o(.text)
    GPIO_ResetBits                           0x08005893   Thumb Code     4  stm32f10x_gpio.o(.text)
    GPIO_WriteBit                            0x08005897   Thumb Code    10  stm32f10x_gpio.o(.text)
    GPIO_Write                               0x080058a1   Thumb Code     4  stm32f10x_gpio.o(.text)
    GPIO_PinLockConfig                       0x080058a5   Thumb Code    18  stm32f10x_gpio.o(.text)
    GPIO_EventOutputConfig                   0x080058b7   Thumb Code    26  stm32f10x_gpio.o(.text)
    GPIO_EventOutputCmd                      0x080058d1   Thumb Code     6  stm32f10x_gpio.o(.text)
    GPIO_PinRemapConfig                      0x080058d7   Thumb Code   138  stm32f10x_gpio.o(.text)
    GPIO_EXTILineConfig                      0x08005961   Thumb Code    66  stm32f10x_gpio.o(.text)
    GPIO_ETH_MediaInterfaceConfig            0x080059a3   Thumb Code     8  stm32f10x_gpio.o(.text)
    RCC_DeInit                               0x080059d1   Thumb Code    64  stm32f10x_rcc.o(.text)
    RCC_HSEConfig                            0x08005a11   Thumb Code    70  stm32f10x_rcc.o(.text)
    RCC_GetFlagStatus                        0x08005a57   Thumb Code    56  stm32f10x_rcc.o(.text)
    RCC_WaitForHSEStartUp                    0x08005a8f   Thumb Code    56  stm32f10x_rcc.o(.text)
    RCC_AdjustHSICalibrationValue            0x08005ac7   Thumb Code    20  stm32f10x_rcc.o(.text)
    RCC_HSICmd                               0x08005adb   Thumb Code     6  stm32f10x_rcc.o(.text)
    RCC_PLLConfig                            0x08005ae1   Thumb Code    24  stm32f10x_rcc.o(.text)
    RCC_PLLCmd                               0x08005af9   Thumb Code     6  stm32f10x_rcc.o(.text)
    RCC_SYSCLKConfig                         0x08005aff   Thumb Code    18  stm32f10x_rcc.o(.text)
    RCC_GetSYSCLKSource                      0x08005b11   Thumb Code    10  stm32f10x_rcc.o(.text)
    RCC_HCLKConfig                           0x08005b1b   Thumb Code    18  stm32f10x_rcc.o(.text)
    RCC_PCLK1Config                          0x08005b2d   Thumb Code    18  stm32f10x_rcc.o(.text)
    RCC_PCLK2Config                          0x08005b3f   Thumb Code    20  stm32f10x_rcc.o(.text)
    RCC_ITConfig                             0x08005b53   Thumb Code    26  stm32f10x_rcc.o(.text)
    RCC_USBCLKConfig                         0x08005b6d   Thumb Code     8  stm32f10x_rcc.o(.text)
    RCC_ADCCLKConfig                         0x08005b75   Thumb Code    18  stm32f10x_rcc.o(.text)
    RCC_LSEConfig                            0x08005b87   Thumb Code    50  stm32f10x_rcc.o(.text)
    RCC_LSICmd                               0x08005bb9   Thumb Code     6  stm32f10x_rcc.o(.text)
    RCC_RTCCLKConfig                         0x08005bbf   Thumb Code    12  stm32f10x_rcc.o(.text)
    RCC_RTCCLKCmd                            0x08005bcb   Thumb Code     8  stm32f10x_rcc.o(.text)
    RCC_GetClocksFreq                        0x08005bd3   Thumb Code   192  stm32f10x_rcc.o(.text)
    RCC_AHBPeriphClockCmd                    0x08005c93   Thumb Code    26  stm32f10x_rcc.o(.text)
    RCC_APB2PeriphClockCmd                   0x08005cad   Thumb Code    26  stm32f10x_rcc.o(.text)
    RCC_APB1PeriphClockCmd                   0x08005cc7   Thumb Code    26  stm32f10x_rcc.o(.text)
    RCC_APB2PeriphResetCmd                   0x08005ce1   Thumb Code    26  stm32f10x_rcc.o(.text)
    RCC_APB1PeriphResetCmd                   0x08005cfb   Thumb Code    26  stm32f10x_rcc.o(.text)
    RCC_BackupResetCmd                       0x08005d15   Thumb Code     8  stm32f10x_rcc.o(.text)
    RCC_ClockSecuritySystemCmd               0x08005d1d   Thumb Code     6  stm32f10x_rcc.o(.text)
    RCC_MCOConfig                            0x08005d23   Thumb Code     6  stm32f10x_rcc.o(.text)
    RCC_ClearFlag                            0x08005d29   Thumb Code    14  stm32f10x_rcc.o(.text)
    RCC_GetITStatus                          0x08005d37   Thumb Code    20  stm32f10x_rcc.o(.text)
    RCC_ClearITPendingBit                    0x08005d4b   Thumb Code     6  stm32f10x_rcc.o(.text)
    TIM_DeInit                               0x08005d75   Thumb Code   424  stm32f10x_tim.o(.text)
    TIM_TimeBaseInit                         0x08005f1d   Thumb Code   122  stm32f10x_tim.o(.text)
    TIM_OC1Init                              0x08005f97   Thumb Code   132  stm32f10x_tim.o(.text)
    TIM_OC2Init                              0x0800601b   Thumb Code   154  stm32f10x_tim.o(.text)
    TIM_OC3Init                              0x080060b5   Thumb Code   150  stm32f10x_tim.o(.text)
    TIM_OC4Init                              0x0800614b   Thumb Code   182  stm32f10x_tim.o(.text)
    TIM_SetIC4Prescaler                      0x08006201   Thumb Code    26  stm32f10x_tim.o(.text)
    TIM_SetIC3Prescaler                      0x0800629d   Thumb Code    18  stm32f10x_tim.o(.text)
    TIM_SetIC2Prescaler                      0x08006329   Thumb Code    26  stm32f10x_tim.o(.text)
    TIM_SetIC1Prescaler                      0x080063c5   Thumb Code    18  stm32f10x_tim.o(.text)
    TIM_ICInit                               0x08006443   Thumb Code   150  stm32f10x_tim.o(.text)
    TIM_PWMIConfig                           0x080064d9   Thumb Code   124  stm32f10x_tim.o(.text)
    TIM_BDTRConfig                           0x08006555   Thumb Code    32  stm32f10x_tim.o(.text)
    TIM_TimeBaseStructInit                   0x08006575   Thumb Code    18  stm32f10x_tim.o(.text)
    TIM_OCStructInit                         0x08006587   Thumb Code    20  stm32f10x_tim.o(.text)
    TIM_ICStructInit                         0x0800659b   Thumb Code    18  stm32f10x_tim.o(.text)
    TIM_BDTRStructInit                       0x080065ad   Thumb Code    40  stm32f10x_tim.o(.text)
    TIM_Cmd                                  0x080065d5   Thumb Code    24  stm32f10x_tim.o(.text)
    TIM_CtrlPWMOutputs                       0x080065ed   Thumb Code    30  stm32f10x_tim.o(.text)
    TIM_ITConfig                             0x0800660b   Thumb Code    18  stm32f10x_tim.o(.text)
    TIM_GenerateEvent                        0x0800661d   Thumb Code     4  stm32f10x_tim.o(.text)
    TIM_DMAConfig                            0x08006621   Thumb Code    10  stm32f10x_tim.o(.text)
    TIM_DMACmd                               0x0800662b   Thumb Code    18  stm32f10x_tim.o(.text)
    TIM_InternalClockConfig                  0x0800663d   Thumb Code    12  stm32f10x_tim.o(.text)
    TIM_SelectInputTrigger                   0x08006649   Thumb Code    18  stm32f10x_tim.o(.text)
    TIM_ITRxExternalClockConfig              0x0800665b   Thumb Code    24  stm32f10x_tim.o(.text)
    TIM_TIxExternalClockConfig               0x08006673   Thumb Code    62  stm32f10x_tim.o(.text)
    TIM_ETRConfig                            0x080066b1   Thumb Code    28  stm32f10x_tim.o(.text)
    TIM_ETRClockMode1Config                  0x080066cd   Thumb Code    54  stm32f10x_tim.o(.text)
    TIM_ETRClockMode2Config                  0x08006703   Thumb Code    32  stm32f10x_tim.o(.text)
    TIM_PrescalerConfig                      0x08006723   Thumb Code     6  stm32f10x_tim.o(.text)
    TIM_CounterModeConfig                    0x08006729   Thumb Code    18  stm32f10x_tim.o(.text)
    TIM_EncoderInterfaceConfig               0x0800673b   Thumb Code    66  stm32f10x_tim.o(.text)
    TIM_ForcedOC1Config                      0x0800677d   Thumb Code    18  stm32f10x_tim.o(.text)
    TIM_ForcedOC2Config                      0x0800678f   Thumb Code    26  stm32f10x_tim.o(.text)
    TIM_ForcedOC3Config                      0x080067a9   Thumb Code    18  stm32f10x_tim.o(.text)
    TIM_ForcedOC4Config                      0x080067bb   Thumb Code    26  stm32f10x_tim.o(.text)
    TIM_ARRPreloadConfig                     0x080067d5   Thumb Code    24  stm32f10x_tim.o(.text)
    TIM_SelectCOM                            0x080067ed   Thumb Code    24  stm32f10x_tim.o(.text)
    TIM_SelectCCDMA                          0x08006805   Thumb Code    24  stm32f10x_tim.o(.text)
    TIM_CCPreloadControl                     0x0800681d   Thumb Code    24  stm32f10x_tim.o(.text)
    TIM_OC1PreloadConfig                     0x08006835   Thumb Code    18  stm32f10x_tim.o(.text)
    TIM_OC2PreloadConfig                     0x08006847   Thumb Code    26  stm32f10x_tim.o(.text)
    TIM_OC3PreloadConfig                     0x08006861   Thumb Code    18  stm32f10x_tim.o(.text)
    TIM_OC4PreloadConfig                     0x08006873   Thumb Code    26  stm32f10x_tim.o(.text)
    TIM_OC1FastConfig                        0x0800688d   Thumb Code    18  stm32f10x_tim.o(.text)
    TIM_OC2FastConfig                        0x0800689f   Thumb Code    26  stm32f10x_tim.o(.text)
    TIM_OC3FastConfig                        0x080068b9   Thumb Code    18  stm32f10x_tim.o(.text)
    TIM_OC4FastConfig                        0x080068cb   Thumb Code    26  stm32f10x_tim.o(.text)
    TIM_ClearOC1Ref                          0x080068e5   Thumb Code    18  stm32f10x_tim.o(.text)
    TIM_ClearOC2Ref                          0x080068f7   Thumb Code    24  stm32f10x_tim.o(.text)
    TIM_ClearOC3Ref                          0x0800690f   Thumb Code    18  stm32f10x_tim.o(.text)
    TIM_ClearOC4Ref                          0x08006921   Thumb Code    24  stm32f10x_tim.o(.text)
    TIM_OC1PolarityConfig                    0x08006939   Thumb Code    18  stm32f10x_tim.o(.text)
    TIM_OC1NPolarityConfig                   0x0800694b   Thumb Code    18  stm32f10x_tim.o(.text)
    TIM_OC2PolarityConfig                    0x0800695d   Thumb Code    26  stm32f10x_tim.o(.text)
    TIM_OC2NPolarityConfig                   0x08006977   Thumb Code    26  stm32f10x_tim.o(.text)
    TIM_OC3PolarityConfig                    0x08006991   Thumb Code    26  stm32f10x_tim.o(.text)
    TIM_OC3NPolarityConfig                   0x080069ab   Thumb Code    26  stm32f10x_tim.o(.text)
    TIM_OC4PolarityConfig                    0x080069c5   Thumb Code    26  stm32f10x_tim.o(.text)
    TIM_CCxCmd                               0x080069df   Thumb Code    30  stm32f10x_tim.o(.text)
    TIM_CCxNCmd                              0x080069fd   Thumb Code    30  stm32f10x_tim.o(.text)
    TIM_SelectOCxM                           0x08006a1b   Thumb Code    82  stm32f10x_tim.o(.text)
    TIM_UpdateDisableConfig                  0x08006a6d   Thumb Code    24  stm32f10x_tim.o(.text)
    TIM_UpdateRequestConfig                  0x08006a85   Thumb Code    24  stm32f10x_tim.o(.text)
    TIM_SelectHallSensor                     0x08006a9d   Thumb Code    24  stm32f10x_tim.o(.text)
    TIM_SelectOnePulseMode                   0x08006ab5   Thumb Code    18  stm32f10x_tim.o(.text)
    TIM_SelectOutputTrigger                  0x08006ac7   Thumb Code    18  stm32f10x_tim.o(.text)
    TIM_SelectSlaveMode                      0x08006ad9   Thumb Code    18  stm32f10x_tim.o(.text)
    TIM_SelectMasterSlaveMode                0x08006aeb   Thumb Code    18  stm32f10x_tim.o(.text)
    TIM_SetCounter                           0x08006afd   Thumb Code     4  stm32f10x_tim.o(.text)
    TIM_SetAutoreload                        0x08006b01   Thumb Code     4  stm32f10x_tim.o(.text)
    TIM_SetCompare1                          0x08006b05   Thumb Code     4  stm32f10x_tim.o(.text)
    TIM_SetCompare2                          0x08006b09   Thumb Code     4  stm32f10x_tim.o(.text)
    TIM_SetCompare3                          0x08006b0d   Thumb Code     4  stm32f10x_tim.o(.text)
    TIM_SetCompare4                          0x08006b11   Thumb Code     6  stm32f10x_tim.o(.text)
    TIM_SetClockDivision                     0x08006b17   Thumb Code    18  stm32f10x_tim.o(.text)
    TIM_GetCapture1                          0x08006b29   Thumb Code     6  stm32f10x_tim.o(.text)
    TIM_GetCapture2                          0x08006b2f   Thumb Code     6  stm32f10x_tim.o(.text)
    TIM_GetCapture3                          0x08006b35   Thumb Code     6  stm32f10x_tim.o(.text)
    TIM_GetCapture4                          0x08006b3b   Thumb Code     8  stm32f10x_tim.o(.text)
    TIM_GetCounter                           0x08006b43   Thumb Code     6  stm32f10x_tim.o(.text)
    TIM_GetPrescaler                         0x08006b49   Thumb Code     6  stm32f10x_tim.o(.text)
    TIM_GetFlagStatus                        0x08006b4f   Thumb Code    18  stm32f10x_tim.o(.text)
    TIM_ClearFlag                            0x08006b61   Thumb Code     6  stm32f10x_tim.o(.text)
    TIM_GetITStatus                          0x08006b67   Thumb Code    34  stm32f10x_tim.o(.text)
    TIM_ClearITPendingBit                    0x08006b89   Thumb Code     6  stm32f10x_tim.o(.text)
    USART_DeInit                             0x08006b91   Thumb Code   134  stm32f10x_usart.o(.text)
    USART_Init                               0x08006c17   Thumb Code   210  stm32f10x_usart.o(.text)
    USART_StructInit                         0x08006ce9   Thumb Code    24  stm32f10x_usart.o(.text)
    USART_ClockInit                          0x08006d01   Thumb Code    34  stm32f10x_usart.o(.text)
    USART_ClockStructInit                    0x08006d23   Thumb Code    12  stm32f10x_usart.o(.text)
    USART_Cmd                                0x08006d2f   Thumb Code    24  stm32f10x_usart.o(.text)
    USART_ITConfig                           0x08006d47   Thumb Code    74  stm32f10x_usart.o(.text)
    USART_DMACmd                             0x08006d91   Thumb Code    18  stm32f10x_usart.o(.text)
    USART_SetAddress                         0x08006da3   Thumb Code    18  stm32f10x_usart.o(.text)
    USART_WakeUpConfig                       0x08006db5   Thumb Code    18  stm32f10x_usart.o(.text)
    USART_ReceiverWakeUpCmd                  0x08006dc7   Thumb Code    24  stm32f10x_usart.o(.text)
    USART_LINBreakDetectLengthConfig         0x08006ddf   Thumb Code    18  stm32f10x_usart.o(.text)
    USART_LINCmd                             0x08006df1   Thumb Code    24  stm32f10x_usart.o(.text)
    USART_SendData                           0x08006e09   Thumb Code     8  stm32f10x_usart.o(.text)
    USART_ReceiveData                        0x08006e11   Thumb Code    10  stm32f10x_usart.o(.text)
    USART_SendBreak                          0x08006e1b   Thumb Code    10  stm32f10x_usart.o(.text)
    USART_SetGuardTime                       0x08006e25   Thumb Code    16  stm32f10x_usart.o(.text)
    USART_SetPrescaler                       0x08006e35   Thumb Code    16  stm32f10x_usart.o(.text)
    USART_SmartCardCmd                       0x08006e45   Thumb Code    24  stm32f10x_usart.o(.text)
    USART_SmartCardNACKCmd                   0x08006e5d   Thumb Code    24  stm32f10x_usart.o(.text)
    USART_HalfDuplexCmd                      0x08006e75   Thumb Code    24  stm32f10x_usart.o(.text)
    USART_OverSampling8Cmd                   0x08006e8d   Thumb Code    22  stm32f10x_usart.o(.text)
    USART_OneBitMethodCmd                    0x08006ea3   Thumb Code    24  stm32f10x_usart.o(.text)
    USART_IrDAConfig                         0x08006ebb   Thumb Code    18  stm32f10x_usart.o(.text)
    USART_IrDACmd                            0x08006ecd   Thumb Code    24  stm32f10x_usart.o(.text)
    USART_GetFlagStatus                      0x08006ee5   Thumb Code    26  stm32f10x_usart.o(.text)
    USART_ClearFlag                          0x08006eff   Thumb Code    18  stm32f10x_usart.o(.text)
    USART_GetITStatus                        0x08006f11   Thumb Code    84  stm32f10x_usart.o(.text)
    USART_ClearITPendingBit                  0x08006f65   Thumb Code    52  stm32f10x_usart.o(.text)
    __use_no_semihosting                     0x08006f99   Thumb Code     2  use_no_semi_2.o(.text)
    __aeabi_ldivmod                          0x08006f9b   Thumb Code     0  llsdiv.o(.text)
    _ll_sdiv                                 0x08006f9b   Thumb Code    72  llsdiv.o(.text)
    __2printf                                0x08006fe5   Thumb Code    20  noretval__2printf.o(.text)
    __2sprintf                               0x08006ffd   Thumb Code    34  noretval__2sprintf.o(.text)
    _printf_pre_padding                      0x08007025   Thumb Code    44  _printf_pad.o(.text)
    _printf_post_padding                     0x08007051   Thumb Code    34  _printf_pad.o(.text)
    _printf_int_dec                          0x08007075   Thumb Code   104  _printf_dec.o(.text)
    _printf_int_hex                          0x080070ed   Thumb Code    84  _printf_hex_int.o(.text)
    _printf_longlong_hex                     0x080070ed   Thumb Code     0  _printf_hex_int.o(.text)
    __printf                                 0x08007145   Thumb Code   308  __printf_flags_wp.o(.text)
    memcmp                                   0x0800727d   Thumb Code    88  memcmp.o(.text)
    strlen                                   0x080072d5   Thumb Code    62  strlen.o(.text)
    __aeabi_memset                           0x08007313   Thumb Code    16  aeabi_memset.o(.text)
    __use_two_region_memory                  0x08007323   Thumb Code     2  heapauxi.o(.text)
    __rt_heap_escrow$2region                 0x08007325   Thumb Code     2  heapauxi.o(.text)
    __rt_heap_expand$2region                 0x08007327   Thumb Code     2  heapauxi.o(.text)
    __I$use$semihosting                      0x08007329   Thumb Code     0  use_no_semi.o(.text)
    __use_no_semihosting_swi                 0x08007329   Thumb Code     2  use_no_semi.o(.text)
    __aeabi_uldivmod                         0x0800732b   Thumb Code     0  lludivv7m.o(.text)
    _ll_udiv                                 0x0800732b   Thumb Code   238  lludivv7m.o(.text)
    __read_errno                             0x08007419   Thumb Code    10  _rserrno.o(.text)
    __set_errno                              0x08007423   Thumb Code    12  _rserrno.o(.text)
    _printf_int_common                       0x0800742f   Thumb Code   178  _printf_intcommon.o(.text)
    __lib_sel_fp_printf                      0x080074e1   Thumb Code     2  _printf_fp_dec.o(.text)
    _printf_fp_dec_real                      0x08007693   Thumb Code   620  _printf_fp_dec.o(.text)
    _printf_char_common                      0x0800790b   Thumb Code    32  _printf_char_common.o(.text)
    _sputc                                   0x08007931   Thumb Code    10  _sputc.o(.text)
    _printf_char_file                        0x0800793d   Thumb Code    32  _printf_char_file.o(.text)
    __aeabi_memclr                           0x08007961   Thumb Code     0  rt_memclr.o(.text)
    __rt_memclr                              0x08007961   Thumb Code    68  rt_memclr.o(.text)
    _memset                                  0x08007965   Thumb Code     0  rt_memclr.o(.text)
    __rt_locale                              0x080079a5   Thumb Code     8  rt_locale_intlibspace.o(.text)
    __aeabi_errno_addr                       0x080079ad   Thumb Code     8  rt_errno_addr_intlibspace.o(.text)
    __errno$intlibspace                      0x080079ad   Thumb Code     0  rt_errno_addr_intlibspace.o(.text)
    __rt_errno_addr$intlibspace              0x080079ad   Thumb Code     0  rt_errno_addr_intlibspace.o(.text)
    _ll_udiv10                               0x080079b5   Thumb Code   138  lludiv10.o(.text)
    _printf_fp_infnan                        0x08007a41   Thumb Code   112  _printf_fp_infnan.o(.text)
    _btod_etento                             0x08007ac1   Thumb Code   224  bigflt0.o(.text)
    ferror                                   0x08007ba5   Thumb Code     8  ferror.o(.text)
    __aeabi_memclr4                          0x08007bad   Thumb Code     0  rt_memclr_w.o(.text)
    __aeabi_memclr8                          0x08007bad   Thumb Code     0  rt_memclr_w.o(.text)
    __rt_memclr_w                            0x08007bad   Thumb Code    78  rt_memclr_w.o(.text)
    _memset_w                                0x08007bb1   Thumb Code     0  rt_memclr_w.o(.text)
    __user_libspace                          0x08007bfd   Thumb Code     8  libspace.o(.text)
    __user_perproc_libspace                  0x08007bfd   Thumb Code     0  libspace.o(.text)
    __user_perthread_libspace                0x08007bfd   Thumb Code     0  libspace.o(.text)
    __user_setup_stackheap                   0x08007c05   Thumb Code    74  sys_stackheap_outer.o(.text)
    exit                                     0x08007c4f   Thumb Code    18  exit.o(.text)
    strcmp                                   0x08007c61   Thumb Code   128  strcmpv7m.o(.text)
    _btod_d2e                                0x08007ce1   Thumb Code    62  btod.o(CL$$btod_d2e)
    _d2e_denorm_low                          0x08007d1f   Thumb Code    70  btod.o(CL$$btod_d2e_denorm_low)
    _d2e_norm_op1                            0x08007d65   Thumb Code    96  btod.o(CL$$btod_d2e_norm_op1)
    __btod_div_common                        0x08007dc5   Thumb Code   696  btod.o(CL$$btod_div_common)
    _e2e                                     0x080080fd   Thumb Code   220  btod.o(CL$$btod_e2e)
    _btod_ediv                               0x080081d9   Thumb Code    42  btod.o(CL$$btod_ediv)
    _btod_emul                               0x08008203   Thumb Code    42  btod.o(CL$$btod_emul)
    __btod_mult_common                       0x0800822d   Thumb Code   580  btod.o(CL$$btod_mult_common)
    __ARM_fpclassify                         0x08008471   Thumb Code    40  fpclassify.o(i.__ARM_fpclassify)
    __kernel_poly                            0x08008499   Thumb Code   170  poly.o(i.__kernel_poly)
    __mathlib_dbl_infnan                     0x08008543   Thumb Code     6  dunder.o(i.__mathlib_dbl_infnan)
    __mathlib_dbl_infnan2                    0x08008549   Thumb Code     4  dunder.o(i.__mathlib_dbl_infnan2)
    __mathlib_dbl_invalid                    0x0800854d   Thumb Code    12  dunder.o(i.__mathlib_dbl_invalid)
    __mathlib_dbl_underflow                  0x08008559   Thumb Code    10  dunder.o(i.__mathlib_dbl_underflow)
    _is_digit                                0x08008569   Thumb Code    14  __printf_wp.o(i._is_digit)
    asin                                     0x08008579   Thumb Code   572  asin.o(i.asin)
    atan                                     0x080087e9   Thumb Code   474  atan.o(i.atan)
    atan2                                    0x08008a09   Thumb Code   346  atan2.o(i.atan2)
    sqrt                                     0x08008b89   Thumb Code    76  sqrt.o(i.sqrt)
    _get_lc_numeric                          0x08008bd5   Thumb Code    44  lc_numeric_c.o(locale$$code)
    __aeabi_d2f                              0x08008c01   Thumb Code     0  d2f.o(x$fpl$d2f)
    _d2f                                     0x08008c01   Thumb Code    98  d2f.o(x$fpl$d2f)
    __aeabi_dadd                             0x08008c65   Thumb Code     0  daddsub_clz.o(x$fpl$dadd)
    _dadd                                    0x08008c65   Thumb Code   332  daddsub_clz.o(x$fpl$dadd)
    __fpl_dcheck_NaN1                        0x08008db5   Thumb Code    10  dcheck1.o(x$fpl$dcheck1)
    __fpl_dcmp_Inf                           0x08008dc5   Thumb Code    24  dcmpi.o(x$fpl$dcmpinf)
    __aeabi_ddiv                             0x08008ddd   Thumb Code     0  ddiv.o(x$fpl$ddiv)
    _ddiv                                    0x08008ddd   Thumb Code   552  ddiv.o(x$fpl$ddiv)
    __aeabi_d2iz                             0x0800908d   Thumb Code     0  dfix.o(x$fpl$dfix)
    _dfix                                    0x0800908d   Thumb Code    94  dfix.o(x$fpl$dfix)
    __aeabi_d2uiz                            0x080090ed   Thumb Code     0  dfixu.o(x$fpl$dfixu)
    _dfixu                                   0x080090ed   Thumb Code    90  dfixu.o(x$fpl$dfixu)
    __aeabi_i2d                              0x08009147   Thumb Code     0  dflt_clz.o(x$fpl$dflt)
    _dflt                                    0x08009147   Thumb Code    46  dflt_clz.o(x$fpl$dflt)
    __aeabi_ui2d                             0x08009175   Thumb Code     0  dflt_clz.o(x$fpl$dfltu)
    _dfltu                                   0x08009175   Thumb Code    38  dflt_clz.o(x$fpl$dfltu)
    __aeabi_cdcmple                          0x0800919d   Thumb Code     0  dleqf.o(x$fpl$dleqf)
    _dcmple                                  0x0800919d   Thumb Code   120  dleqf.o(x$fpl$dleqf)
    __fpl_dcmple_InfNaN                      0x080091ff   Thumb Code     0  dleqf.o(x$fpl$dleqf)
    __aeabi_dmul                             0x08009215   Thumb Code     0  dmul.o(x$fpl$dmul)
    _dmul                                    0x08009215   Thumb Code   332  dmul.o(x$fpl$dmul)
    __fpl_dnaninf                            0x08009369   Thumb Code   156  dnaninf.o(x$fpl$dnaninf)
    __fpl_dretinf                            0x08009405   Thumb Code    12  dretinf.o(x$fpl$dretinf)
    __aeabi_drsub                            0x08009411   Thumb Code     0  daddsub_clz.o(x$fpl$drsb)
    _drsb                                    0x08009411   Thumb Code    22  daddsub_clz.o(x$fpl$drsb)
    _dsqrt                                   0x08009429   Thumb Code   456  dsqrt_noumaal.o(x$fpl$dsqrt)
    __aeabi_dsub                             0x080095f5   Thumb Code     0  daddsub_clz.o(x$fpl$dsub)
    _dsub                                    0x080095f5   Thumb Code   464  daddsub_clz.o(x$fpl$dsub)
    __aeabi_f2d                              0x080097c9   Thumb Code     0  f2d.o(x$fpl$f2d)
    _f2d                                     0x080097c9   Thumb Code    86  f2d.o(x$fpl$f2d)
    __aeabi_fadd                             0x08009821   Thumb Code     0  faddsub_clz.o(x$fpl$fadd)
    _fadd                                    0x08009821   Thumb Code   196  faddsub_clz.o(x$fpl$fadd)
    __fpl_fcmp_Inf                           0x080098e5   Thumb Code    24  fcmpi.o(x$fpl$fcmpinf)
    __aeabi_fdiv                             0x080098fd   Thumb Code     0  fdiv.o(x$fpl$fdiv)
    _fdiv                                    0x080098fd   Thumb Code   384  fdiv.o(x$fpl$fdiv)
    __aeabi_cfcmpeq                          0x08009a81   Thumb Code     0  feqf.o(x$fpl$feqf)
    _fcmpeq                                  0x08009a81   Thumb Code   104  feqf.o(x$fpl$feqf)
    __aeabi_f2iz                             0x08009ae9   Thumb Code     0  ffix.o(x$fpl$ffix)
    _ffix                                    0x08009ae9   Thumb Code    54  ffix.o(x$fpl$ffix)
    __aeabi_f2uiz                            0x08009b21   Thumb Code     0  ffixu.o(x$fpl$ffixu)
    _ffixu                                   0x08009b21   Thumb Code    62  ffixu.o(x$fpl$ffixu)
    __aeabi_i2f                              0x08009b61   Thumb Code     0  fflt_clz.o(x$fpl$fflt)
    _fflt                                    0x08009b61   Thumb Code    48  fflt_clz.o(x$fpl$fflt)
    __aeabi_ui2f                             0x08009b91   Thumb Code     0  fflt_clz.o(x$fpl$ffltu)
    _ffltu                                   0x08009b91   Thumb Code    38  fflt_clz.o(x$fpl$ffltu)
    __aeabi_cfcmple                          0x08009bb9   Thumb Code     0  fleqf.o(x$fpl$fleqf)
    _fcmple                                  0x08009bb9   Thumb Code   104  fleqf.o(x$fpl$fleqf)
    __fpl_fcmple_InfNaN                      0x08009c0b   Thumb Code     0  fleqf.o(x$fpl$fleqf)
    __aeabi_fmul                             0x08009c21   Thumb Code     0  fmul.o(x$fpl$fmul)
    _fmul                                    0x08009c21   Thumb Code   258  fmul.o(x$fpl$fmul)
    __fpl_fnaninf                            0x08009d23   Thumb Code   140  fnaninf.o(x$fpl$fnaninf)
    __fpl_fretinf                            0x08009daf   Thumb Code    10  fretinf.o(x$fpl$fretinf)
    __aeabi_cfrcmple                         0x08009db9   Thumb Code     0  frleqf.o(x$fpl$frleqf)
    _frcmple                                 0x08009db9   Thumb Code    98  frleqf.o(x$fpl$frleqf)
    __aeabi_frsub                            0x08009e1b   Thumb Code     0  faddsub_clz.o(x$fpl$frsb)
    _frsb                                    0x08009e1b   Thumb Code    20  faddsub_clz.o(x$fpl$frsb)
    __aeabi_fsub                             0x08009e31   Thumb Code     0  faddsub_clz.o(x$fpl$fsub)
    _fsub                                    0x08009e31   Thumb Code   234  faddsub_clz.o(x$fpl$fsub)
    _printf_fp_dec                           0x08009f1b   Thumb Code     4  printf1.o(x$fpl$printf1)
    __fpl_return_NaN                         0x08009f1f   Thumb Code   100  retnan.o(x$fpl$retnan)
    __ARM_scalbn                             0x08009f83   Thumb Code    92  scalbn.o(x$fpl$scalbn)
    __fpl_cmpreturn                          0x08009fdf   Thumb Code    48  trapv.o(x$fpl$trapveneer)
    __I$use$fp                               0x0800a00e   Number         0  usenofp.o(x$fpl$usenofp)
    reg                                      0x0800a010   Data          27  inv_mpu.o(.constdata)
    hw                                       0x0800a02c   Data          12  inv_mpu.o(.constdata)
    test                                     0x0800a038   Data          40  inv_mpu.o(.constdata)
    F6x8                                     0x0800ac56   Data         552  oled.o(.constdata)
    F8X16                                    0x0800ae7e   Data        1520  oled.o(.constdata)
    __mathlib_zero                           0x0800b590   Data           8  qnan.o(.constdata)
    Region$$Table$$Base                      0x0800b67c   Number         0  anon$$obj.o(Region$$Table)
    Region$$Table$$Limit                     0x0800b69c   Number         0  anon$$obj.o(Region$$Table)
    overcount                                0x20000000   Data           4  main.o(.data)
    length                                   0x20000004   Data           4  main.o(.data)
    Pitch                                    0x20000008   Data           4  main.o(.data)
    Roll                                     0x2000000c   Data           4  main.o(.data)
    Yaw                                      0x20000010   Data           4  main.o(.data)
    gyrox                                    0x20000014   Data           2  main.o(.data)
    gyroy                                    0x20000016   Data           2  main.o(.data)
    gyroz                                    0x20000018   Data           2  main.o(.data)
    aacx                                     0x2000001a   Data           2  main.o(.data)
    aacy                                     0x2000001c   Data           2  main.o(.data)
    aacz                                     0x2000001e   Data           2  main.o(.data)
    Encoder_Left                             0x20000020   Data           4  main.o(.data)
    Encoder_Right                            0x20000024   Data           4  main.o(.data)
    PWM_MAX                                  0x20000028   Data           4  main.o(.data)
    PWM_MIN                                  0x2000002c   Data           4  main.o(.data)
    MOTO1                                    0x20000030   Data           4  main.o(.data)
    MOTO2                                    0x20000034   Data           4  main.o(.data)
    lock                                     0x20000038   Data           1  main.o(.data)
    SystemCoreClock                          0x2000003c   Data           4  system_stm32f10x.o(.data)
    AHBPrescTable                            0x20000040   Data          16  system_stm32f10x.o(.data)
    __stdout                                 0x20000054   Data           4  usart.o(.data)
    USART_RX_STA                             0x20000058   Data           1  usart.o(.data)
    Hzk                                      0x20000091   Data         896  oled.o(.data)
    Med_Angle                                0x20000414   Data           4  control.o(.data)
    Target_Speed                             0x20000418   Data           4  control.o(.data)
    Turn_Speed                               0x2000041c   Data           4  control.o(.data)
    Vertical_Kp                              0x20000420   Data           4  control.o(.data)
    Vertical_Kd                              0x20000424   Data           4  control.o(.data)
    Velocity_Kp                              0x20000428   Data           4  control.o(.data)
    Velocity_Ki                              0x2000042c   Data           4  control.o(.data)
    Turn_Kd                                  0x20000430   Data           4  control.o(.data)
    Turn_Kp                                  0x20000434   Data           4  control.o(.data)
    Vertical_out                             0x20000438   Data           4  control.o(.data)
    Velocity_out                             0x2000043c   Data           4  control.o(.data)
    Turn_out                                 0x20000440   Data           4  control.o(.data)
    PWM_Zero                                 0x20000458   Data           1  motor.o(.data)
    stop                                     0x20000459   Data           1  motor.o(.data)
    uart_buf                                 0x2000045a   Data           5  usart3.o(.data)
    Fore                                     0x2000045f   Data           1  usart3.o(.data)
    Back                                     0x20000460   Data           1  usart3.o(.data)
    Left                                     0x20000461   Data           1  usart3.o(.data)
    Right                                    0x20000462   Data           1  usart3.o(.data)
    display_buf                              0x20000478   Data          20  main.o(.bss)
    USART_RX_BUF                             0x2000048c   Data          64  usart.o(.bss)
    __libspace_start                         0x200004dc   Data          96  libspace.o(.bss)
    __temporary_stack_top$libspace           0x2000053c   Data           0  libspace.o(.bss)



==============================================================================

Memory Map of the image

  Image Entry point : 0x080000ed

  Load Region LR_IROM1 (Base: 0x08000000, Size: 0x0000bb30, Max: 0x00010000, ABSOLUTE, COMPRESSED[0x0000b874])

    Execution Region ER_IROM1 (Exec base: 0x08000000, Load base: 0x08000000, Size: 0x0000b6b8, Max: 0x00010000, ABSOLUTE)

    Exec Addr    Load Addr    Size         Type   Attr      Idx    E Section Name        Object

    0x08000000   0x08000000   0x000000ec   Data   RO          674    RESET               startup_stm32f10x_md.o
    0x080000ec   0x080000ec   0x00000008   Code   RO         1306  * !!!main             c_w.l(__main.o)
    0x080000f4   0x080000f4   0x00000034   Code   RO         1688    !!!scatter          c_w.l(__scatter.o)
    0x08000128   0x08000128   0x0000005a   Code   RO         1686    !!dczerorl2         c_w.l(__dczerorl2.o)
    0x08000182   0x08000182   0x00000002   PAD
    0x08000184   0x08000184   0x0000001c   Code   RO         1690    !!handler_zi        c_w.l(__scatter_zi.o)
    0x080001a0   0x080001a0   0x00000000   Code   RO         1297    .ARM.Collect$$_printf_percent$$00000000  c_w.l(_printf_percent.o)
    0x080001a0   0x080001a0   0x00000006   Code   RO         1296    .ARM.Collect$$_printf_percent$$00000003  c_w.l(_printf_f.o)
    0x080001a6   0x080001a6   0x00000006   Code   RO         1295    .ARM.Collect$$_printf_percent$$00000009  c_w.l(_printf_d.o)
    0x080001ac   0x080001ac   0x00000006   Code   RO         1294    .ARM.Collect$$_printf_percent$$0000000C  c_w.l(_printf_x.o)
    0x080001b2   0x080001b2   0x00000004   Code   RO         1409    .ARM.Collect$$_printf_percent$$00000017  c_w.l(_printf_percent_end.o)
    0x080001b6   0x080001b6   0x00000002   Code   RO         1555    .ARM.Collect$$libinit$$00000000  c_w.l(libinit.o)
    0x080001b8   0x080001b8   0x00000000   Code   RO         1557    .ARM.Collect$$libinit$$00000002  c_w.l(libinit2.o)
    0x080001b8   0x080001b8   0x00000000   Code   RO         1559    .ARM.Collect$$libinit$$00000004  c_w.l(libinit2.o)
    0x080001b8   0x080001b8   0x00000000   Code   RO         1562    .ARM.Collect$$libinit$$0000000A  c_w.l(libinit2.o)
    0x080001b8   0x080001b8   0x00000000   Code   RO         1564    .ARM.Collect$$libinit$$0000000C  c_w.l(libinit2.o)
    0x080001b8   0x080001b8   0x00000000   Code   RO         1566    .ARM.Collect$$libinit$$0000000E  c_w.l(libinit2.o)
    0x080001b8   0x080001b8   0x00000006   Code   RO         1567    .ARM.Collect$$libinit$$0000000F  c_w.l(libinit2.o)
    0x080001be   0x080001be   0x00000000   Code   RO         1569    .ARM.Collect$$libinit$$00000011  c_w.l(libinit2.o)
    0x080001be   0x080001be   0x00000000   Code   RO         1571    .ARM.Collect$$libinit$$00000013  c_w.l(libinit2.o)
    0x080001be   0x080001be   0x00000000   Code   RO         1573    .ARM.Collect$$libinit$$00000015  c_w.l(libinit2.o)
    0x080001be   0x080001be   0x0000000a   Code   RO         1574    .ARM.Collect$$libinit$$00000016  c_w.l(libinit2.o)
    0x080001c8   0x080001c8   0x00000000   Code   RO         1575    .ARM.Collect$$libinit$$00000017  c_w.l(libinit2.o)
    0x080001c8   0x080001c8   0x00000000   Code   RO         1577    .ARM.Collect$$libinit$$00000019  c_w.l(libinit2.o)
    0x080001c8   0x080001c8   0x00000000   Code   RO         1579    .ARM.Collect$$libinit$$0000001B  c_w.l(libinit2.o)
    0x080001c8   0x080001c8   0x00000000   Code   RO         1581    .ARM.Collect$$libinit$$0000001D  c_w.l(libinit2.o)
    0x080001c8   0x080001c8   0x00000000   Code   RO         1583    .ARM.Collect$$libinit$$0000001F  c_w.l(libinit2.o)
    0x080001c8   0x080001c8   0x00000000   Code   RO         1585    .ARM.Collect$$libinit$$00000021  c_w.l(libinit2.o)
    0x080001c8   0x080001c8   0x00000000   Code   RO         1587    .ARM.Collect$$libinit$$00000023  c_w.l(libinit2.o)
    0x080001c8   0x080001c8   0x00000000   Code   RO         1589    .ARM.Collect$$libinit$$00000025  c_w.l(libinit2.o)
    0x080001c8   0x080001c8   0x00000000   Code   RO         1593    .ARM.Collect$$libinit$$0000002C  c_w.l(libinit2.o)
    0x080001c8   0x080001c8   0x00000000   Code   RO         1595    .ARM.Collect$$libinit$$0000002E  c_w.l(libinit2.o)
    0x080001c8   0x080001c8   0x00000000   Code   RO         1597    .ARM.Collect$$libinit$$00000030  c_w.l(libinit2.o)
    0x080001c8   0x080001c8   0x00000000   Code   RO         1599    .ARM.Collect$$libinit$$00000032  c_w.l(libinit2.o)
    0x080001c8   0x080001c8   0x00000002   Code   RO         1600    .ARM.Collect$$libinit$$00000033  c_w.l(libinit2.o)
    0x080001ca   0x080001ca   0x00000002   Code   RO         1646    .ARM.Collect$$libshutdown$$00000000  c_w.l(libshutdown.o)
    0x080001cc   0x080001cc   0x00000000   Code   RO         1655    .ARM.Collect$$libshutdown$$00000002  c_w.l(libshutdown2.o)
    0x080001cc   0x080001cc   0x00000000   Code   RO         1657    .ARM.Collect$$libshutdown$$00000004  c_w.l(libshutdown2.o)
    0x080001cc   0x080001cc   0x00000000   Code   RO         1660    .ARM.Collect$$libshutdown$$00000007  c_w.l(libshutdown2.o)
    0x080001cc   0x080001cc   0x00000000   Code   RO         1663    .ARM.Collect$$libshutdown$$0000000A  c_w.l(libshutdown2.o)
    0x080001cc   0x080001cc   0x00000000   Code   RO         1665    .ARM.Collect$$libshutdown$$0000000C  c_w.l(libshutdown2.o)
    0x080001cc   0x080001cc   0x00000000   Code   RO         1668    .ARM.Collect$$libshutdown$$0000000F  c_w.l(libshutdown2.o)
    0x080001cc   0x080001cc   0x00000002   Code   RO         1669    .ARM.Collect$$libshutdown$$00000010  c_w.l(libshutdown2.o)
    0x080001ce   0x080001ce   0x00000000   Code   RO         1394    .ARM.Collect$$rtentry$$00000000  c_w.l(__rtentry.o)
    0x080001ce   0x080001ce   0x00000000   Code   RO         1465    .ARM.Collect$$rtentry$$00000002  c_w.l(__rtentry2.o)
    0x080001ce   0x080001ce   0x00000006   Code   RO         1477    .ARM.Collect$$rtentry$$00000004  c_w.l(__rtentry4.o)
    0x080001d4   0x080001d4   0x00000000   Code   RO         1467    .ARM.Collect$$rtentry$$00000009  c_w.l(__rtentry2.o)
    0x080001d4   0x080001d4   0x00000004   Code   RO         1468    .ARM.Collect$$rtentry$$0000000A  c_w.l(__rtentry2.o)
    0x080001d8   0x080001d8   0x00000000   Code   RO         1470    .ARM.Collect$$rtentry$$0000000C  c_w.l(__rtentry2.o)
    0x080001d8   0x080001d8   0x00000008   Code   RO         1471    .ARM.Collect$$rtentry$$0000000D  c_w.l(__rtentry2.o)
    0x080001e0   0x080001e0   0x00000002   Code   RO         1603    .ARM.Collect$$rtexit$$00000000  c_w.l(rtexit.o)
    0x080001e2   0x080001e2   0x00000000   Code   RO         1616    .ARM.Collect$$rtexit$$00000002  c_w.l(rtexit2.o)
    0x080001e2   0x080001e2   0x00000004   Code   RO         1617    .ARM.Collect$$rtexit$$00000003  c_w.l(rtexit2.o)
    0x080001e6   0x080001e6   0x00000006   Code   RO         1618    .ARM.Collect$$rtexit$$00000004  c_w.l(rtexit2.o)
    0x080001ec   0x080001ec   0x000002ac   Code   RO            4    .text               main.o
    0x08000498   0x08000498   0x0000001a   Code   RO          185    .text               stm32f10x_it.o
    0x080004b2   0x080004b2   0x00000002   PAD
    0x080004b4   0x080004b4   0x000001e0   Code   RO          212    .text               system_stm32f10x.o
    0x08000694   0x08000694   0x000000d4   Code   RO          242    .text               delay.o
    0x08000768   0x08000768   0x00000060   Code   RO          298    .text               sys.o
    0x080007c8   0x080007c8   0x00000124   Code   RO          322    .text               usart.o
    0x080008ec   0x080008ec   0x00000244   Code   RO          354    .text               mpuiic.o
    0x08000b30   0x08000b30   0x00000368   Code   RO          378    .text               mpu6050.o
    0x08000e98   0x08000e98   0x00002288   Code   RO          402    .text               inv_mpu.o
    0x08003120   0x08003120   0x00000d70   Code   RO          438    .text               inv_mpu_dmp_motion_driver.o
    0x08003e90   0x08003e90   0x00000c14   Code   RO          471    .text               oled.o
    0x08004aa4   0x08004aa4   0x00000434   Code   RO          502    .text               control.o
    0x08004ed8   0x08004ed8   0x000001a0   Code   RO          530    .text               encoder.o
    0x08005078   0x08005078   0x00000050   Code   RO          554    .text               exti.o
    0x080050c8   0x080050c8   0x00000140   Code   RO          578    .text               motor.o
    0x08005208   0x08005208   0x000000ac   Code   RO          609    .text               pwm.o
    0x080052b4   0x080052b4   0x00000188   Code   RO          633    .text               usart3.o
    0x0800543c   0x0800543c   0x00000040   Code   RO          675    .text               startup_stm32f10x_md.o
    0x0800547c   0x0800547c   0x000000dc   Code   RO          682    .text               misc.o
    0x08005558   0x08005558   0x0000011c   Code   RO          898    .text               stm32f10x_exti.o
    0x08005674   0x08005674   0x0000035c   Code   RO          970    .text               stm32f10x_gpio.o
    0x080059d0   0x080059d0   0x000003a4   Code   RO         1066    .text               stm32f10x_rcc.o
    0x08005d74   0x08005d74   0x00000e1a   Code   RO         1164    .text               stm32f10x_tim.o
    0x08006b8e   0x08006b8e   0x00000002   PAD
    0x08006b90   0x08006b90   0x00000408   Code   RO         1188    .text               stm32f10x_usart.o
    0x08006f98   0x08006f98   0x00000002   Code   RO         1235    .text               c_w.l(use_no_semi_2.o)
    0x08006f9a   0x08006f9a   0x00000048   Code   RO         1237    .text               c_w.l(llsdiv.o)
    0x08006fe2   0x08006fe2   0x00000002   PAD
    0x08006fe4   0x08006fe4   0x00000018   Code   RO         1243    .text               c_w.l(noretval__2printf.o)
    0x08006ffc   0x08006ffc   0x00000028   Code   RO         1245    .text               c_w.l(noretval__2sprintf.o)
    0x08007024   0x08007024   0x0000004e   Code   RO         1249    .text               c_w.l(_printf_pad.o)
    0x08007072   0x08007072   0x00000002   PAD
    0x08007074   0x08007074   0x00000078   Code   RO         1251    .text               c_w.l(_printf_dec.o)
    0x080070ec   0x080070ec   0x00000058   Code   RO         1256    .text               c_w.l(_printf_hex_int.o)
    0x08007144   0x08007144   0x00000138   Code   RO         1286    .text               c_w.l(__printf_flags_wp.o)
    0x0800727c   0x0800727c   0x00000058   Code   RO         1298    .text               c_w.l(memcmp.o)
    0x080072d4   0x080072d4   0x0000003e   Code   RO         1300    .text               c_w.l(strlen.o)
    0x08007312   0x08007312   0x00000010   Code   RO         1302    .text               c_w.l(aeabi_memset.o)
    0x08007322   0x08007322   0x00000006   Code   RO         1304    .text               c_w.l(heapauxi.o)
    0x08007328   0x08007328   0x00000002   Code   RO         1392    .text               c_w.l(use_no_semi.o)
    0x0800732a   0x0800732a   0x000000ee   Code   RO         1395    .text               c_w.l(lludivv7m.o)
    0x08007418   0x08007418   0x00000016   Code   RO         1397    .text               c_w.l(_rserrno.o)
    0x0800742e   0x0800742e   0x000000b2   Code   RO         1399    .text               c_w.l(_printf_intcommon.o)
    0x080074e0   0x080074e0   0x0000041e   Code   RO         1401    .text               c_w.l(_printf_fp_dec.o)
    0x080078fe   0x080078fe   0x00000002   PAD
    0x08007900   0x08007900   0x00000030   Code   RO         1403    .text               c_w.l(_printf_char_common.o)
    0x08007930   0x08007930   0x0000000a   Code   RO         1405    .text               c_w.l(_sputc.o)
    0x0800793a   0x0800793a   0x00000002   PAD
    0x0800793c   0x0800793c   0x00000024   Code   RO         1407    .text               c_w.l(_printf_char_file.o)
    0x08007960   0x08007960   0x00000044   Code   RO         1410    .text               c_w.l(rt_memclr.o)
    0x080079a4   0x080079a4   0x00000008   Code   RO         1486    .text               c_w.l(rt_locale_intlibspace.o)
    0x080079ac   0x080079ac   0x00000008   Code   RO         1491    .text               c_w.l(rt_errno_addr_intlibspace.o)
    0x080079b4   0x080079b4   0x0000008a   Code   RO         1493    .text               c_w.l(lludiv10.o)
    0x08007a3e   0x08007a3e   0x00000002   PAD
    0x08007a40   0x08007a40   0x00000080   Code   RO         1495    .text               c_w.l(_printf_fp_infnan.o)
    0x08007ac0   0x08007ac0   0x000000e4   Code   RO         1499    .text               c_w.l(bigflt0.o)
    0x08007ba4   0x08007ba4   0x00000008   Code   RO         1524    .text               c_w.l(ferror.o)
    0x08007bac   0x08007bac   0x0000004e   Code   RO         1531    .text               c_w.l(rt_memclr_w.o)
    0x08007bfa   0x08007bfa   0x00000002   PAD
    0x08007bfc   0x08007bfc   0x00000008   Code   RO         1539    .text               c_w.l(libspace.o)
    0x08007c04   0x08007c04   0x0000004a   Code   RO         1542    .text               c_w.l(sys_stackheap_outer.o)
    0x08007c4e   0x08007c4e   0x00000012   Code   RO         1546    .text               c_w.l(exit.o)
    0x08007c60   0x08007c60   0x00000080   Code   RO         1548    .text               c_w.l(strcmpv7m.o)
    0x08007ce0   0x08007ce0   0x0000003e   Code   RO         1502    CL$$btod_d2e        c_w.l(btod.o)
    0x08007d1e   0x08007d1e   0x00000046   Code   RO         1504    CL$$btod_d2e_denorm_low  c_w.l(btod.o)
    0x08007d64   0x08007d64   0x00000060   Code   RO         1503    CL$$btod_d2e_norm_op1  c_w.l(btod.o)
    0x08007dc4   0x08007dc4   0x00000338   Code   RO         1512    CL$$btod_div_common  c_w.l(btod.o)
    0x080080fc   0x080080fc   0x000000dc   Code   RO         1509    CL$$btod_e2e        c_w.l(btod.o)
    0x080081d8   0x080081d8   0x0000002a   Code   RO         1506    CL$$btod_ediv       c_w.l(btod.o)
    0x08008202   0x08008202   0x0000002a   Code   RO         1505    CL$$btod_emul       c_w.l(btod.o)
    0x0800822c   0x0800822c   0x00000244   Code   RO         1511    CL$$btod_mult_common  c_w.l(btod.o)
    0x08008470   0x08008470   0x00000028   Code   RO         1451    i.__ARM_fpclassify  m_ws.l(fpclassify.o)
    0x08008498   0x08008498   0x000000aa   Code   RO         1453    i.__kernel_poly     m_ws.l(poly.o)
    0x08008542   0x08008542   0x00000006   Code   RO         1438    i.__mathlib_dbl_infnan  m_ws.l(dunder.o)
    0x08008548   0x08008548   0x00000004   Code   RO         1439    i.__mathlib_dbl_infnan2  m_ws.l(dunder.o)
    0x0800854c   0x0800854c   0x0000000c   Code   RO         1440    i.__mathlib_dbl_invalid  m_ws.l(dunder.o)
    0x08008558   0x08008558   0x00000010   Code   RO         1443    i.__mathlib_dbl_underflow  m_ws.l(dunder.o)
    0x08008568   0x08008568   0x0000000e   Code   RO         1284    i._is_digit         c_w.l(__printf_wp.o)
    0x08008576   0x08008576   0x00000002   PAD
    0x08008578   0x08008578   0x00000270   Code   RO         1375    i.asin              m_ws.l(asin.o)
    0x080087e8   0x080087e8   0x00000220   Code   RO         1428    i.atan              m_ws.l(atan.o)
    0x08008a08   0x08008a08   0x00000180   Code   RO         1385    i.atan2             m_ws.l(atan2.o)
    0x08008b88   0x08008b88   0x0000004c   Code   RO         1457    i.sqrt              m_ws.l(sqrt.o)
    0x08008bd4   0x08008bd4   0x0000002c   Code   RO         1529    locale$$code        c_w.l(lc_numeric_c.o)
    0x08008c00   0x08008c00   0x00000062   Code   RO         1308    x$fpl$d2f           fz_ws.l(d2f.o)
    0x08008c62   0x08008c62   0x00000002   PAD
    0x08008c64   0x08008c64   0x00000150   Code   RO         1310    x$fpl$dadd          fz_ws.l(daddsub_clz.o)
    0x08008db4   0x08008db4   0x00000010   Code   RO         1533    x$fpl$dcheck1       fz_ws.l(dcheck1.o)
    0x08008dc4   0x08008dc4   0x00000018   Code   RO         1412    x$fpl$dcmpinf       fz_ws.l(dcmpi.o)
    0x08008ddc   0x08008ddc   0x000002b0   Code   RO         1317    x$fpl$ddiv          fz_ws.l(ddiv.o)
    0x0800908c   0x0800908c   0x0000005e   Code   RO         1320    x$fpl$dfix          fz_ws.l(dfix.o)
    0x080090ea   0x080090ea   0x00000002   PAD
    0x080090ec   0x080090ec   0x0000005a   Code   RO         1324    x$fpl$dfixu         fz_ws.l(dfixu.o)
    0x08009146   0x08009146   0x0000002e   Code   RO         1329    x$fpl$dflt          fz_ws.l(dflt_clz.o)
    0x08009174   0x08009174   0x00000026   Code   RO         1328    x$fpl$dfltu         fz_ws.l(dflt_clz.o)
    0x0800919a   0x0800919a   0x00000002   PAD
    0x0800919c   0x0800919c   0x00000078   Code   RO         1334    x$fpl$dleqf         fz_ws.l(dleqf.o)
    0x08009214   0x08009214   0x00000154   Code   RO         1336    x$fpl$dmul          fz_ws.l(dmul.o)
    0x08009368   0x08009368   0x0000009c   Code   RO         1414    x$fpl$dnaninf       fz_ws.l(dnaninf.o)
    0x08009404   0x08009404   0x0000000c   Code   RO         1416    x$fpl$dretinf       fz_ws.l(dretinf.o)
    0x08009410   0x08009410   0x00000016   Code   RO         1311    x$fpl$drsb          fz_ws.l(daddsub_clz.o)
    0x08009426   0x08009426   0x00000002   PAD
    0x08009428   0x08009428   0x000001cc   Code   RO         1535    x$fpl$dsqrt         fz_ws.l(dsqrt_noumaal.o)
    0x080095f4   0x080095f4   0x000001d4   Code   RO         1312    x$fpl$dsub          fz_ws.l(daddsub_clz.o)
    0x080097c8   0x080097c8   0x00000056   Code   RO         1338    x$fpl$f2d           fz_ws.l(f2d.o)
    0x0800981e   0x0800981e   0x00000002   PAD
    0x08009820   0x08009820   0x000000c4   Code   RO         1340    x$fpl$fadd          fz_ws.l(faddsub_clz.o)
    0x080098e4   0x080098e4   0x00000018   Code   RO         1418    x$fpl$fcmpinf       fz_ws.l(fcmpi.o)
    0x080098fc   0x080098fc   0x00000184   Code   RO         1347    x$fpl$fdiv          fz_ws.l(fdiv.o)
    0x08009a80   0x08009a80   0x00000068   Code   RO         1350    x$fpl$feqf          fz_ws.l(feqf.o)
    0x08009ae8   0x08009ae8   0x00000036   Code   RO         1352    x$fpl$ffix          fz_ws.l(ffix.o)
    0x08009b1e   0x08009b1e   0x00000002   PAD
    0x08009b20   0x08009b20   0x0000003e   Code   RO         1356    x$fpl$ffixu         fz_ws.l(ffixu.o)
    0x08009b5e   0x08009b5e   0x00000002   PAD
    0x08009b60   0x08009b60   0x00000030   Code   RO         1361    x$fpl$fflt          fz_ws.l(fflt_clz.o)
    0x08009b90   0x08009b90   0x00000026   Code   RO         1360    x$fpl$ffltu         fz_ws.l(fflt_clz.o)
    0x08009bb6   0x08009bb6   0x00000002   PAD
    0x08009bb8   0x08009bb8   0x00000068   Code   RO         1366    x$fpl$fleqf         fz_ws.l(fleqf.o)
    0x08009c20   0x08009c20   0x00000102   Code   RO         1368    x$fpl$fmul          fz_ws.l(fmul.o)
    0x08009d22   0x08009d22   0x0000008c   Code   RO         1420    x$fpl$fnaninf       fz_ws.l(fnaninf.o)
    0x08009dae   0x08009dae   0x0000000a   Code   RO         1422    x$fpl$fretinf       fz_ws.l(fretinf.o)
    0x08009db8   0x08009db8   0x00000062   Code   RO         1370    x$fpl$frleqf        fz_ws.l(frleqf.o)
    0x08009e1a   0x08009e1a   0x00000014   Code   RO         1341    x$fpl$frsb          fz_ws.l(faddsub_clz.o)
    0x08009e2e   0x08009e2e   0x00000002   PAD
    0x08009e30   0x08009e30   0x000000ea   Code   RO         1342    x$fpl$fsub          fz_ws.l(faddsub_clz.o)
    0x08009f1a   0x08009f1a   0x00000004   Code   RO         1372    x$fpl$printf1       fz_ws.l(printf1.o)
    0x08009f1e   0x08009f1e   0x00000064   Code   RO         1601    x$fpl$retnan        fz_ws.l(retnan.o)
    0x08009f82   0x08009f82   0x0000005c   Code   RO         1424    x$fpl$scalbn        fz_ws.l(scalbn.o)
    0x08009fde   0x08009fde   0x00000030   Code   RO         1613    x$fpl$trapveneer    fz_ws.l(trapv.o)
    0x0800a00e   0x0800a00e   0x00000000   Code   RO         1426    x$fpl$usenofp       fz_ws.l(usenofp.o)
    0x0800a00e   0x0800a00e   0x00000002   PAD
    0x0800a010   0x0800a010   0x00000050   Data   RO          403    .constdata          inv_mpu.o
    0x0800a060   0x0800a060   0x00000bf6   Data   RO          440    .constdata          inv_mpu_dmp_motion_driver.o
    0x0800ac56   0x0800ac56   0x00000818   Data   RO          472    .constdata          oled.o
    0x0800b46e   0x0800b46e   0x00000028   Data   RO         1257    .constdata          c_w.l(_printf_hex_int.o)
    0x0800b496   0x0800b496   0x00000011   Data   RO         1287    .constdata          c_w.l(__printf_flags_wp.o)
    0x0800b4a7   0x0800b4a7   0x00000001   PAD
    0x0800b4a8   0x0800b4a8   0x00000050   Data   RO         1376    .constdata          m_ws.l(asin.o)
    0x0800b4f8   0x0800b4f8   0x00000098   Data   RO         1429    .constdata          m_ws.l(atan.o)
    0x0800b590   0x0800b590   0x00000008   Data   RO         1455    .constdata          m_ws.l(qnan.o)
    0x0800b598   0x0800b598   0x00000094   Data   RO         1500    .constdata          c_w.l(bigflt0.o)
    0x0800b62c   0x0800b62c   0x0000004d   Data   RO          404    .conststring        inv_mpu.o
    0x0800b679   0x0800b679   0x00000003   PAD
    0x0800b67c   0x0800b67c   0x00000020   Data   RO         1684    Region$$Table       anon$$obj.o
    0x0800b69c   0x0800b69c   0x0000001c   Data   RO         1528    locale$$data        c_w.l(lc_numeric_c.o)


    Execution Region RW_IRAM1 (Exec base: 0x20000000, Load base: 0x0800b6b8, Size: 0x00000b40, Max: 0x00005000, ABSOLUTE, COMPRESSED[0x000001bc])

    Exec Addr    Load Addr    Size         Type   Attr      Idx    E Section Name        Object

    0x20000000   COMPRESSED   0x00000039   Data   RW            6    .data               main.o
    0x20000039   COMPRESSED   0x00000003   PAD
    0x2000003c   COMPRESSED   0x00000014   Data   RW          213    .data               system_stm32f10x.o
    0x20000050   COMPRESSED   0x00000004   Data   RW          243    .data               delay.o
    0x20000054   COMPRESSED   0x00000005   Data   RW          324    .data               usart.o
    0x20000059   COMPRESSED   0x00000003   PAD
    0x2000005c   COMPRESSED   0x00000035   Data   RW          405    .data               inv_mpu.o
    0x20000091   COMPRESSED   0x00000380   Data   RW          473    .data               oled.o
    0x20000411   COMPRESSED   0x00000003   PAD
    0x20000414   COMPRESSED   0x00000044   Data   RW          503    .data               control.o
    0x20000458   COMPRESSED   0x00000002   Data   RW          579    .data               motor.o
    0x2000045a   COMPRESSED   0x00000009   Data   RW          634    .data               usart3.o
    0x20000463   COMPRESSED   0x00000014   Data   RW         1067    .data               stm32f10x_rcc.o
    0x20000477   COMPRESSED   0x00000001   PAD
    0x20000478        -       0x00000014   Zero   RW            5    .bss                main.o
    0x2000048c        -       0x00000040   Zero   RW          323    .bss                usart.o
    0x200004cc        -       0x00000010   Zero   RW          439    .bss                inv_mpu_dmp_motion_driver.o
    0x200004dc        -       0x00000060   Zero   RW         1540    .bss                c_w.l(libspace.o)
    0x2000053c   COMPRESSED   0x00000004   PAD
    0x20000540        -       0x00000200   Zero   RW          673    HEAP                startup_stm32f10x_md.o
    0x20000740        -       0x00000400   Zero   RW          672    STACK               startup_stm32f10x_md.o


==============================================================================

Image component sizes


      Code (inc. data)   RO Data    RW Data    ZI Data      Debug   Object Name

      1076        180          0         68          0       2507   control.o
       212         18          0          4          0     206647   delay.o
       416         14          0          0          0       1501   encoder.o
        80          6          0          0          0        552   exti.o
      8840        198        157         53          0      24009   inv_mpu.o
      3440        126       3062          0         16      15447   inv_mpu_dmp_motion_driver.o
       684        108          0         57         20     254073   main.o
       220         22          0          0          0       1809   misc.o
       320         34          0          2          0       1661   motor.o
       872         18          0          0          0       4391   mpu6050.o
       580         14          0          0          0       2066   mpuiic.o
      3092         34       2072        896          0      10319   oled.o
       172         10          0          0          0        736   pwm.o
        64         26        236          0       1536        796   startup_stm32f10x_md.o
       284         10          0          0          0       2263   stm32f10x_exti.o
       860         38          0          0          0       5741   stm32f10x_gpio.o
        26          0          0          0          0       1194   stm32f10x_it.o
       932         36          0         20          0       8920   stm32f10x_rcc.o
      3610         88          0          0          0      22848   stm32f10x_tim.o
      1032         22          0          0          0       8464   stm32f10x_usart.o
        96          0          0          0          0        526   sys.o
       480         38          0         20          0       1751   system_stm32f10x.o
       292         16          0          5         64       3099   usart.o
       392         26          0          9          0       2194   usart3.o

    ----------------------------------------------------------------------
     28076       1082       5562       1144       1636     583514   Object Totals
         0          0         32          0          0          0   (incl. Generated)
         4          0          3         10          0          0   (incl. Padding)

    ----------------------------------------------------------------------

      Code (inc. data)   RO Data    RW Data    ZI Data      Debug   Library Member Name

        90          0          0          0          0          0   __dczerorl2.o
         8          0          0          0          0         68   __main.o
       312          4         17          0          0         92   __printf_flags_wp.o
        14          0          0          0          0         68   __printf_wp.o
         0          0          0          0          0          0   __rtentry.o
        12          0          0          0          0          0   __rtentry2.o
         6          0          0          0          0          0   __rtentry4.o
        52          8          0          0          0          0   __scatter.o
        28          0          0          0          0          0   __scatter_zi.o
        48          6          0          0          0         96   _printf_char_common.o
        36          4          0          0          0         80   _printf_char_file.o
         6          0          0          0          0          0   _printf_d.o
       120         16          0          0          0         92   _printf_dec.o
         6          0          0          0          0          0   _printf_f.o
      1054          0          0          0          0        216   _printf_fp_dec.o
       128         16          0          0          0         84   _printf_fp_infnan.o
        88          4         40          0          0         88   _printf_hex_int.o
       178          0          0          0          0         88   _printf_intcommon.o
        78          0          0          0          0        108   _printf_pad.o
         0          0          0          0          0          0   _printf_percent.o
         4          0          0          0          0          0   _printf_percent_end.o
         6          0          0          0          0          0   _printf_x.o
        22          0          0          0          0        100   _rserrno.o
        10          0          0          0          0         68   _sputc.o
        16          0          0          0          0         68   aeabi_memset.o
       228          4        148          0          0         96   bigflt0.o
      1936        128          0          0          0        672   btod.o
        18          0          0          0          0         80   exit.o
         8          0          0          0          0         68   ferror.o
         6          0          0          0          0        152   heapauxi.o
        44         10         28          0          0         76   lc_numeric_c.o
         2          0          0          0          0          0   libinit.o
        18          0          0          0          0          0   libinit2.o
         2          0          0          0          0          0   libshutdown.o
         2          0          0          0          0          0   libshutdown2.o
         8          4          0          0         96         68   libspace.o
        72          0          0          0          0         76   llsdiv.o
       138          0          0          0          0         80   lludiv10.o
       238          0          0          0          0        100   lludivv7m.o
        88          0          0          0          0         76   memcmp.o
        24          4          0          0          0         84   noretval__2printf.o
        40          6          0          0          0         84   noretval__2sprintf.o
         8          4          0          0          0         68   rt_errno_addr_intlibspace.o
         8          4          0          0          0         68   rt_locale_intlibspace.o
        68          0          0          0          0         68   rt_memclr.o
        78          0          0          0          0         80   rt_memclr_w.o
         2          0          0          0          0          0   rtexit.o
        10          0          0          0          0          0   rtexit2.o
       128          0          0          0          0         68   strcmpv7m.o
        62          0          0          0          0         76   strlen.o
        74          0          0          0          0         80   sys_stackheap_outer.o
         2          0          0          0          0         68   use_no_semi.o
         2          0          0          0          0         68   use_no_semi_2.o
        98          4          0          0          0         92   d2f.o
       826         16          0          0          0        348   daddsub_clz.o
        16          4          0          0          0         68   dcheck1.o
        24          0          0          0          0         68   dcmpi.o
       688        140          0          0          0        208   ddiv.o
        94          4          0          0          0         92   dfix.o
        90          4          0          0          0         92   dfixu.o
        84          0          0          0          0        136   dflt_clz.o
       120          4          0          0          0         92   dleqf.o
       340         12          0          0          0        104   dmul.o
       156          4          0          0          0         92   dnaninf.o
        12          0          0          0          0         68   dretinf.o
       460         56          0          0          0        120   dsqrt_noumaal.o
        86          4          0          0          0         84   f2d.o
       450          8          0          0          0        236   faddsub_clz.o
        24          0          0          0          0         68   fcmpi.o
       388         76          0          0          0         96   fdiv.o
       104          4          0          0          0         84   feqf.o
        54          4          0          0          0         84   ffix.o
        62          4          0          0          0         84   ffixu.o
        86          0          0          0          0        136   fflt_clz.o
       104          4          0          0          0         84   fleqf.o
       258          4          0          0          0         84   fmul.o
       140          4          0          0          0         84   fnaninf.o
        10          0          0          0          0         68   fretinf.o
        98          0          0          0          0         68   frleqf.o
         4          0          0          0          0         68   printf1.o
       100          0          0          0          0         68   retnan.o
        92          0          0          0          0         68   scalbn.o
        48          0          0          0          0         68   trapv.o
         0          0          0          0          0          0   usenofp.o
       624         52         80          0          0        168   asin.o
       544         70        152          0          0        124   atan.o
       384         38          0          0          0        144   atan2.o
        38          6          0          0          0        272   dunder.o
        40          0          0          0          0         68   fpclassify.o
       170          0          0          0          0         96   poly.o
         0          0          8          0          0          0   qnan.o
        76          0          0          0          0         84   sqrt.o

    ----------------------------------------------------------------------
     12664        748        474          0        100       7740   Library Totals
        36          0          1          0          4          0   (incl. Padding)

    ----------------------------------------------------------------------

      Code (inc. data)   RO Data    RW Data    ZI Data      Debug   Library Name

      5636        222        233          0         96       3672   c_w.l
      5116        360          0          0          0       3112   fz_ws.l
      1876        166        240          0          0        956   m_ws.l

    ----------------------------------------------------------------------
     12664        748        474          0        100       7740   Library Totals

    ----------------------------------------------------------------------

==============================================================================


      Code (inc. data)   RO Data    RW Data    ZI Data      Debug   

     40740       1830       6036       1144       1736     584854   Grand Totals
     40740       1830       6036        444       1736     584854   ELF Image Totals (compressed)
     40740       1830       6036        444          0          0   ROM Totals

==============================================================================

    Total RO  Size (Code + RO Data)                46776 (  45.68kB)
    Total RW  Size (RW Data + ZI Data)              2880 (   2.81kB)
    Total ROM Size (Code + RO Data + RW Data)      47220 (  46.11kB)

==============================================================================

